[antstudents.com/WebScholarshipS2/Group-1/ProjectCSS_SKI_Center/index.html]
[antstudents.com/WebScholarshipS2/Group-1/ProjectCSS_SKI_Center/assets/plugin/bootstrap/bootstrap.min.css]
[antstudents.com/WebScholarshipS2/Group-1/ProjectCSS_SKI_Center/assets/css/style.css]
[cdnjs.cloudflare.com/ajax/libs/font-awesome/6.6.0/css/all.min.css]
[cdn.jsdelivr.net/npm/swiper@11/swiper-bundle.min.css]
[antstudents.com/WebScholarshipS2/Group-1/ProjectCSS_SKI_Center/assets/plugin/animation/animate.min.css]
[backblue.gif]
[fade.gif]
[index.html]
[antstudents.com/WebScholarshipS2/Group-1/ProjectCSS_SKI_Center/assets/image/logo/logo-favicon-color.png]
[antstudents.com/WebScholarshipS2/Group-1/ProjectCSS_SKI_Center/assets/plugin/plyr/plyr.css]
[antstudents.com/WebScholarshipS2/Group-1/ProjectCSS_SKI_Center/assets/image/logo/png/logo-no-background.png]
[antstudents.com/WebScholarshipS2/Group-1/ProjectCSS_SKI_Center/article/login.html]
[antstudents.com/WebScholarshipS2/Group-1/ProjectCSS_SKI_Center/article/register.html]
[antstudents.com/WebScholarshipS2/Group-1/ProjectCSS_SKI_Center/assets/image/img/landing-page-img/hero-landing-1.jpg]
[antstudents.com/WebScholarshipS2/Group-1/ProjectCSS_SKI_Center/assets/image/img/landing-page-img/hero-lnading-3.jpg]
[antstudents.com/WebScholarshipS2/Group-1/ProjectCSS_SKI_Center/assets/image/img/landing-page-img/hero-landing2.jpg]
[antstudents.com/WebScholarshipS2/Group-1/ProjectCSS_SKI_Center/assets/image/img/course-img/illustrator-course-compressor.jpg]
[antstudents.com/WebScholarshipS2/Group-1/ProjectCSS_SKI_Center/assets/image/img/course-img/typescript.jpg]
[antstudents.com/WebScholarshipS2/Group-1/ProjectCSS_SKI_Center/assets/image/img/course-img/G12Maths.jpg]
[antstudents.com/WebScholarshipS2/Group-1/ProjectCSS_SKI_Center/assets/image/img/course-img/tailwindcss_online_course.jpg]
[antstudents.com/WebScholarshipS2/Group-1/ProjectCSS_SKI_Center/assets/image/img/course-img/G12Khmer.png]
[antstudents.com/WebScholarshipS2/Group-1/ProjectCSS_SKI_Center/assets/image/img/course-img/G12Physic.jpg]
[antstudents.com/WebScholarshipS2/Group-1/ProjectCSS_SKI_Center/assets/image/img/course-img/G12Chemistry.jpg]
[antstudents.com/WebScholarshipS2/Group-1/ProjectCSS_SKI_Center/assets/image/img/course-img/G12History.jpg]
[antstudents.com/WebScholarshipS2/Group-1/ProjectCSS_SKI_Center/assets/image/img/landing-page-img/file5.jpg]
[antstudents.com/WebScholarshipS2/Group-1/ProjectCSS_SKI_Center/assets/image/img/landing-page-img/c-programming-language-1.webp]
[antstudents.com/WebScholarshipS2/Group-1/ProjectCSS_SKI_Center/assets/image/img/landing-page-img/design-4.jpg]
[antstudents.com/WebScholarshipS2/Group-1/ProjectCSS_SKI_Center/assets/image/img/landing-page-img/ma_na.webp]
[antstudents.com/WebScholarshipS2/Group-1/ProjectCSS_SKI_Center/assets/image/img/landing-page-img/file3.jpg]
[antstudents.com/WebScholarshipS2/Group-1/ProjectCSS_SKI_Center/assets/image/img/landing-page-img/event-7.jpg]
[antstudents.com/WebScholarshipS2/Group-1/ProjectCSS_SKI_Center/assets/image/img/landing-page-img/event-9.jpg]
[antstudents.com/WebScholarshipS2/Group-1/ProjectCSS_SKI_Center/assets/video/8244250-uhd_3840_2160_25fps.mp4.crdownload]
[antstudents.com/WebScholarshipS2/Group-1/ProjectCSS_SKI_Center/assets/image/img/landing-page-img/event-2.jpg]
[antstudents.com/WebScholarshipS2/Group-1/ProjectCSS_SKI_Center/assets/image/img/landing-page-img/event-8.jpg]
[antstudents.com/WebScholarshipS2/Group-1/ProjectCSS_SKI_Center/assets/image/img/landing-page-img/event-5.jpg]
[antstudents.com/WebScholarshipS2/Group-1/ProjectCSS_SKI_Center/assets/image/img/landing-page-img/event-4.jpg]
[antstudents.com/WebScholarshipS2/Group-1/ProjectCSS_SKI_Center/assets/image/img/landing-page-img/event-11.jpg]
[antstudents.com/WebScholarshipS2/Group-1/ProjectCSS_SKI_Center/assets/image/img/landing-page-img/event-6.jpg]
[antstudents.com/WebScholarshipS2/Group-1/ProjectCSS_SKI_Center/assets/image/img/landing-page-img/event-1.jpg]
[antstudents.com/WebScholarshipS2/Group-1/ProjectCSS_SKI_Center/assets/image/img/landing-page-img/event-10.jpg]
[antstudents.com/WebScholarshipS2/Group-1/ProjectCSS_SKI_Center/assets/image/img/landing-page-img/workspace.jpg]
[antstudents.com/WebScholarshipS2/Group-1/ProjectCSS_SKI_Center/assets/image/img/landing-page-img/LMLP-LOGO.png]
[antstudents.com/WebScholarshipS2/Group-1/ProjectCSS_SKI_Center/assets/image/img/landing-page-img/Ministry_Dcc.png]
[antstudents.com/WebScholarshipS2/Group-1/ProjectCSS_SKI_Center/assets/image/img/landing-page-img/ministry_of_labour.jpg]
[antstudents.com/WebScholarshipS2/Group-1/ProjectCSS_SKI_Center/assets/image/img/landing-page-img/Ministry-of-Economy-and-Finance.jpg]
[antstudents.com/WebScholarshipS2/Group-1/ProjectCSS_SKI_Center/assets/image/img/landing-page-img/MoEYS_(Cambodia).svg.png]
[antstudents.com/WebScholarshipS2/Group-1/ProjectCSS_SKI_Center/assets/image/img/landing-page-img/partner-Ministry of Commerce.png]
[antstudents.com/WebScholarshipS2/Group-1/ProjectCSS_SKI_Center/assets/image/img/landing-page-img/partner-ntr-logo.png]
[antstudents.com/WebScholarshipS2/Group-1/ProjectCSS_SKI_Center/assets/image/img/landing-page-img/partner-rma.png]
[antstudents.com/WebScholarshipS2/Group-1/ProjectCSS_SKI_Center/assets/image/img/landing-page-img/partner-logo-debc.png]
[antstudents.com/WebScholarshipS2/Group-1/ProjectCSS_SKI_Center/assets/image/img/landing-page-img/partner-ministry of tursism.jpg]
[antstudents.com/WebScholarshipS2/Group-1/ProjectCSS_SKI_Center/assets/image/img/footer-img/footer-bg.png]
[antstudents.com/WebScholarshipS2/Group-1/ProjectCSS_SKI_Center/assets/plugin/animation/wow.min.js]
[ajax.googleapis.com/ajax/libs/jquery/3.7.1/jquery.min.js]
[antstudents.com/WebScholarshipS2/Group-1/ProjectCSS_SKI_Center/assets/plugin/bootstrap/bootstrap.bundle.min.js]
[antstudents.com/WebScholarshipS2/Group-1/ProjectCSS_SKI_Center/assets/js/script.js]
[antstudents.com/WebScholarshipS2/Group-1/ProjectCSS_SKI_Center/assets/plugin/plyr/plyr.js]
[cdn.jsdelivr.net/npm/swiper@11/swiper-bundle.min.js]
[antstudents.com/WebScholarshipS2/Group-1/ProjectCSS_SKI_Center/index.html]
[antstudents.com/WebScholarshipS2/Group-1/ProjectCSS_SKI_Center/assets/plugin/bootstrap/bootstrap.min.css]
[cdnjs.cloudflare.com/ajax/libs/font-awesome/6.6.0/css/all.min.css]
[antstudents.com/WebScholarshipS2/Group-1/ProjectCSS_SKI_Center/assets/plugin/font/KantumruyPro-VariableFont_wght.ttf]
[antstudents.com/WebScholarshipS2/Group-1/ProjectCSS_SKI_Center/assets/image/icon/down-arrow-black.png]
[img1.wsimg.com/signals/js/clients/scc-c2/scc-c2.min.js]
[antstudents.com/WebScholarshipS2/Group-1/ProjectCSS_SKI_Center/assets/image/icon/down-arrow-color.png]
[antstudents.com/WebScholarshipS2/Group-1/ProjectCSS_SKI_Center/assets/image/icon/right-arrow-black.png]
[antstudents.com/WebScholarshipS2/Group-1/ProjectCSS_SKI_Center/assets/image/icon/right-arrow-color.png]
[antstudents.com/WebScholarshipS2/Group-1/ProjectCSS_SKI_Center/assets/image/img/landing-page-img/useful-1.jpg]
[antstudents.com/WebScholarshipS2/Group-1/ProjectCSS_SKI_Center/assets/image/img/homepage-img/Hero_Image.png]
[antstudents.com/WebScholarshipS2/Group-1/ProjectCSS_SKI_Center/assets/image/img/homepage-img/bg-md.jpg]
[antstudents.com/WebScholarshipS2/Group-1/ProjectCSS_SKI_Center/assets/image/img/homepage-img/job.jpg]
[antstudents.com/WebScholarshipS2/Group-1/ProjectCSS_SKI_Center/assets/image/img/contact-img/hero_stu_pro2.jpg]
[antstudents.com/WebScholarshipS2/Group-1/ProjectCSS_SKI_Center/assets/css/style.css]
[cdn.jsdelivr.net/npm/swiper@11/swiper-bundle.min.css]
[antstudents.com/WebScholarshipS2/Group-1/ProjectCSS_SKI_Center/assets/plugin/fontawesome/css/all.min.html]
[antstudents.com/WebScholarshipS2/Group-1/ProjectCSS_SKI_Center/assets/plugin/animation/animate.min.css]
[antstudents.com/WebScholarshipS2/Group-1/ProjectCSS_SKI_Center/assets/plugin/plyr/plyr.css]
[antstudents.com/WebScholarshipS2/Group-1/ProjectCSS_SKI_Center/article/recover_acc.html]
[antstudents.com/WebScholarshipS2/Group-1/ProjectCSS_SKI_Center/article/home.html]
[antstudents.com/WebScholarshipS2/Group-1/ProjectCSS_SKI_Center/assets/image/img/login_img/google.png]
[antstudents.com/WebScholarshipS2/Group-1/ProjectCSS_SKI_Center/assets/image/img/login_img/facebook.png]
[antstudents.com/WebScholarshipS2/Group-1/ProjectCSS_SKI_Center/assets/image/img/login_img/telegram.webp]
[antstudents.com/WebScholarshipS2/Group-1/ProjectCSS_SKI_Center/assets/image/img/login_img/login.png]
[antstudents.com/WebScholarshipS2/Group-1/ProjectCSS_SKI_Center/article/login.html]
[antstudents.com/WebScholarshipS2/Group-1/ProjectCSS_SKI_Center/assets/image/img/login_img/signup.png]
[antstudents.com/WebScholarshipS2/Group-1/ProjectCSS_SKI_Center/article/register.html]
[antstudents.com/WebScholarshipS2/Group-1/ProjectCSS_SKI_Center/assets/image/icon/wist-list-border.svg]
[antstudents.com/WebScholarshipS2/Group-1/ProjectCSS_SKI_Center/assets/image/icon/wist-list.svg]
[antstudents.com/WebScholarshipS2/Group-1/ProjectCSS_SKI_Center/assets/image/icon/cart-border.svg]
[antstudents.com/WebScholarshipS2/Group-1/ProjectCSS_SKI_Center/assets/image/icon/cart-black.svg]
[antstudents.com/WebScholarshipS2/Group-1/ProjectCSS_SKI_Center/assets/video/8244250-uhd_3840_2160_25fps.mp4.crdownload]
[antstudents.com/WebScholarshipS2/Group-1/ProjectCSS_SKI_Center/assets/image/img/footer-img/Wave.svg]
[antstudents.com/WebScholarshipS2/Group-1/ProjectCSS_SKI_Center/online_course.html]
[antstudents.com/WebScholarshipS2/Group-1/ProjectCSS_SKI_Center/assets/image/img/landing-page-img/event-1.jpg]
[antstudents.com/WebScholarshipS2/Group-1/ProjectCSS_SKI_Center/assets/image/img/homepage-img/cloud-security.gif]
[antstudents.com/WebScholarshipS2/Group-1/ProjectCSS_SKI_Center/article/recover_acc.html]
[antstudents.com/WebScholarshipS2/Group-1/ProjectCSS_SKI_Center/article/online_course.html]
[antstudents.com/WebScholarshipS2/Group-1/ProjectCSS_SKI_Center/article/online_second.html]
[antstudents.com/WebScholarshipS2/Group-1/ProjectCSS_SKI_Center/article/online_g9.html]
[antstudents.com/WebScholarshipS2/Group-1/ProjectCSS_SKI_Center/article/online_high.html]
[antstudents.com/WebScholarshipS2/Group-1/ProjectCSS_SKI_Center/article/online_g12.html]
[antstudents.com/WebScholarshipS2/Group-1/ProjectCSS_SKI_Center/article/online_skill.html]
[antstudents.com/WebScholarshipS2/Group-1/ProjectCSS_SKI_Center/article/online_it.html]
[antstudents.com/WebScholarshipS2/Group-1/ProjectCSS_SKI_Center/article/online_language.html]
[antstudents.com/WebScholarshipS2/Group-1/ProjectCSS_SKI_Center/article/online_eng.html]
[antstudents.com/WebScholarshipS2/Group-1/ProjectCSS_SKI_Center/article/online_preexam.html]
[antstudents.com/WebScholarshipS2/Group-1/ProjectCSS_SKI_Center/article/online_nation_exam.html]
[antstudents.com/WebScholarshipS2/Group-1/ProjectCSS_SKI_Center/article/offline_course.html]
[antstudents.com/WebScholarshipS2/Group-1/ProjectCSS_SKI_Center/article/offline_parttime.html]
[antstudents.com/WebScholarshipS2/Group-1/ProjectCSS_SKI_Center/article/offline_high.html]
[antstudents.com/WebScholarshipS2/Group-1/ProjectCSS_SKI_Center/article/offline_shortcourse.html]
[antstudents.com/WebScholarshipS2/Group-1/ProjectCSS_SKI_Center/article/offline_it.html]
[antstudents.com/WebScholarshipS2/Group-1/ProjectCSS_SKI_Center/article/offline_language.html]
[antstudents.com/WebScholarshipS2/Group-1/ProjectCSS_SKI_Center/article/offline_eng.html]
[antstudents.com/WebScholarshipS2/Group-1/ProjectCSS_SKI_Center/article/offline_preexam.html]
[antstudents.com/WebScholarshipS2/Group-1/ProjectCSS_SKI_Center/article/resource.html]
[antstudents.com/WebScholarshipS2/Group-1/ProjectCSS_SKI_Center/article/resource_second.html]
[antstudents.com/WebScholarshipS2/Group-1/ProjectCSS_SKI_Center/article/resource_g9.html]
[antstudents.com/WebScholarshipS2/Group-1/ProjectCSS_SKI_Center/article/resource_high.html]
[antstudents.com/WebScholarshipS2/Group-1/ProjectCSS_SKI_Center/article/resource_g12.html]
[antstudents.com/WebScholarshipS2/Group-1/ProjectCSS_SKI_Center/article/resource_skill.html]
[antstudents.com/WebScholarshipS2/Group-1/ProjectCSS_SKI_Center/article/resource_it.html]
[antstudents.com/WebScholarshipS2/Group-1/ProjectCSS_SKI_Center/article/resource_language.html]
[antstudents.com/WebScholarshipS2/Group-1/ProjectCSS_SKI_Center/article/resource_eng.html]
[antstudents.com/WebScholarshipS2/Group-1/ProjectCSS_SKI_Center/article/resource_preexam.html]
[antstudents.com/WebScholarshipS2/Group-1/ProjectCSS_SKI_Center/article/stu_project.html]
[antstudents.com/WebScholarshipS2/Group-1/ProjectCSS_SKI_Center/article/job_opport.html]
[antstudents.com/WebScholarshipS2/Group-1/ProjectCSS_SKI_Center/article/contact.html]
[antstudents.com/WebScholarshipS2/Group-1/ProjectCSS_SKI_Center/article/about.html]
[antstudents.com/WebScholarshipS2/Group-1/ProjectCSS_SKI_Center/article/notification.html]
[antstudents.com/WebScholarshipS2/Group-1/ProjectCSS_SKI_Center/assets/image/img/header-img/pf-avatar.png]
[antstudents.com/WebScholarshipS2/Group-1/ProjectCSS_SKI_Center/article/profile.html]
[antstudents.com/WebScholarshipS2/Group-1/ProjectCSS_SKI_Center/article/my_class.html]
[antstudents.com/WebScholarshipS2/Group-1/ProjectCSS_SKI_Center/article/cart_pay.html]
[antstudents.com/WebScholarshipS2/Group-1/ProjectCSS_SKI_Center/assets/image/icon/cart-trolley-border.png]
[antstudents.com/WebScholarshipS2/Group-1/ProjectCSS_SKI_Center/article/wist_list.html]
[antstudents.com/WebScholarshipS2/Group-1/ProjectCSS_SKI_Center/assets/image/icon/bell-border.png]
[antstudents.com/WebScholarshipS2/Group-1/ProjectCSS_SKI_Center/article/setting.html]
[antstudents.com/WebScholarshipS2/Group-1/ProjectCSS_SKI_Center/article/security.html]
[antstudents.com/WebScholarshipS2/Group-1/ProjectCSS_SKI_Center/assets/image/img/homepage-img/phone-image-removebg-preview.png]
[antstudents.com/WebScholarshipS2/Group-1/ProjectCSS_SKI_Center/article/online_details.html]
[antstudents.com/WebScholarshipS2/Group-1/ProjectCSS_SKI_Center/assets/image/img/course-img/Beginner-Photoshop.jpg]
[antstudents.com/WebScholarshipS2/Group-1/ProjectCSS_SKI_Center/assets/image/img/course-img/social-marketing copy.jpg]
[antstudents.com/WebScholarshipS2/Group-1/ProjectCSS_SKI_Center/assets/image/img/course-img/Ms-Power-Point.jpg]
[antstudents.com/WebScholarshipS2/Group-1/ProjectCSS_SKI_Center/assets/image/img/course-img/phython_online_course.jpg]
[antstudents.com/WebScholarshipS2/Group-1/ProjectCSS_SKI_Center/assets/image/img/course-img/web_develop.jpg]
[antstudents.com/WebScholarshipS2/Group-1/ProjectCSS_SKI_Center/assets/image/img/course-img/Graphic_Design_Canva.png]
[antstudents.com/WebScholarshipS2/Group-1/ProjectCSS_SKI_Center/assets/image/img/course-img/G12Biology.jpg]
[antstudents.com/WebScholarshipS2/Group-1/ProjectCSS_SKI_Center/assets/image/img/course-img/G12Kimi.jpg]
[antstudents.com/WebScholarshipS2/Group-1/ProjectCSS_SKI_Center/article/resource_detail.html]
[antstudents.com/WebScholarshipS2/Group-1/ProjectCSS_SKI_Center/assets/image/img/resource-img/resource_file_phython.jpg]
[antstudents.com/WebScholarshipS2/Group-1/ProjectCSS_SKI_Center/assets/image/img/resource-img/resource-file-math.webp]
[antstudents.com/WebScholarshipS2/Group-1/ProjectCSS_SKI_Center/assets/image/img/resource-img/resource_file_math_less.webp]
[antstudents.com/WebScholarshipS2/Group-1/ProjectCSS_SKI_Center/assets/image/img/resource-img/resource_file_physic.webp]
[antstudents.com/WebScholarshipS2/Group-1/ProjectCSS_SKI_Center/assets/image/img/homepage-img/iMac_HomePage.png]
[antstudents.com/WebScholarshipS2/Group-1/ProjectCSS_SKI_Center/article/home.html]
[antstudents.com/WebScholarshipS2/Group-1/ProjectCSS_SKI_Center/assets/video/8244250-uhd_3840_2160_25fps.mp4.crdownload]
[antstudents.com/WebScholarshipS2/Group-1/ProjectCSS_SKI_Center/assets/image/img/homepage-img/cloud-security.gif]
[antstudents.com/WebScholarshipS2/Group-1/ProjectCSS_SKI_Center/assets/plugin/tom-select/tom-select.css]
[antstudents.com/WebScholarshipS2/Group-1/ProjectCSS_SKI_Center/assets/image/img/course-img/js_online_course.png]
[antstudents.com/WebScholarshipS2/Group-1/ProjectCSS_SKI_Center/assets/image/img/course-img/photoshop_advanced.webp]
[antstudents.com/WebScholarshipS2/Group-1/ProjectCSS_SKI_Center/article/online_course.html]
[antstudents.com/WebScholarshipS2/Group-1/ProjectCSS_SKI_Center/assets/image/icon/home.svg]
[antstudents.com/WebScholarshipS2/Group-1/ProjectCSS_SKI_Center/assets/image/icon/online-learning.svg]
[antstudents.com/WebScholarshipS2/Group-1/ProjectCSS_SKI_Center/assets/image/img/course-img/G7Math.jpg]
[antstudents.com/WebScholarshipS2/Group-1/ProjectCSS_SKI_Center/assets/plugin/tom-select/tom-select.complete.min.js]
[antstudents.com/WebScholarshipS2/Group-1/ProjectCSS_SKI_Center/assets/image/img/course-img/G7Khmer.jpg]
[antstudents.com/WebScholarshipS2/Group-1/ProjectCSS_SKI_Center/assets/image/img/course-img/G8Math.jpg]
[antstudents.com/WebScholarshipS2/Group-1/ProjectCSS_SKI_Center/assets/image/img/course-img/G8Chymistry.jpg]
[antstudents.com/WebScholarshipS2/Group-1/ProjectCSS_SKI_Center/assets/image/img/course-img/G8Physic.jpg]
[antstudents.com/WebScholarshipS2/Group-1/ProjectCSS_SKI_Center/assets/image/img/course-img/G9Math.jpg]
[antstudents.com/WebScholarshipS2/Group-1/ProjectCSS_SKI_Center/assets/image/img/course-img/G9Khmer.jpg]
[antstudents.com/WebScholarshipS2/Group-1/ProjectCSS_SKI_Center/assets/image/img/course-img/G9Chemistry.jpg]
[antstudents.com/WebScholarshipS2/Group-1/ProjectCSS_SKI_Center/assets/image/img/course-img/G9Physic.jpg]
[antstudents.com/WebScholarshipS2/Group-1/ProjectCSS_SKI_Center/article/online_second.html]
[antstudents.com/WebScholarshipS2/Group-1/ProjectCSS_SKI_Center/assets/image/img/course-img/G9Biology.jpg]
[antstudents.com/WebScholarshipS2/Group-1/ProjectCSS_SKI_Center/assets/image/img/course-img/G9History.jpg]
[antstudents.com/WebScholarshipS2/Group-1/ProjectCSS_SKI_Center/article/online_g9.html]
[antstudents.com/WebScholarshipS2/Group-1/ProjectCSS_SKI_Center/assets/image/img/course-img/G10Math.jpg]
[antstudents.com/WebScholarshipS2/Group-1/ProjectCSS_SKI_Center/assets/image/img/course-img/G10Khmer.jpg]
[antstudents.com/WebScholarshipS2/Group-1/ProjectCSS_SKI_Center/assets/image/img/course-img/G11Math.jpg]
[antstudents.com/WebScholarshipS2/Group-1/ProjectCSS_SKI_Center/assets/image/img/course-img/G11Chemistry.jpg]
[antstudents.com/WebScholarshipS2/Group-1/ProjectCSS_SKI_Center/assets/image/img/course-img/G11Physic.jpg]
[antstudents.com/WebScholarshipS2/Group-1/ProjectCSS_SKI_Center/article/online_high.html]
[antstudents.com/WebScholarshipS2/Group-1/ProjectCSS_SKI_Center/assets/image/img/course-img/G12Geography.png]
[antstudents.com/WebScholarshipS2/Group-1/ProjectCSS_SKI_Center/assets/image/img/course-img/G12Morality.png]
[antstudents.com/WebScholarshipS2/Group-1/ProjectCSS_SKI_Center/article/online_g12.html]
[antstudents.com/WebScholarshipS2/Group-1/ProjectCSS_SKI_Center/assets/image/img/course-img/Graphic_Design_Figma.jpg]
[antstudents.com/WebScholarshipS2/Group-1/ProjectCSS_SKI_Center/article/online_skill.html]
[antstudents.com/WebScholarshipS2/Group-1/ProjectCSS_SKI_Center/article/online_it.html]
[antstudents.com/WebScholarshipS2/Group-1/ProjectCSS_SKI_Center/assets/image/img/course-img/chinese-program.png]
[antstudents.com/WebScholarshipS2/Group-1/ProjectCSS_SKI_Center/assets/image/img/course-img/english-speaking-course.jpg]
[antstudents.com/WebScholarshipS2/Group-1/ProjectCSS_SKI_Center/assets/image/img/course-img/foundation-english-program.jpg]
[antstudents.com/WebScholarshipS2/Group-1/ProjectCSS_SKI_Center/assets/image/img/course-img/online_english_course.jpg]
[antstudents.com/WebScholarshipS2/Group-1/ProjectCSS_SKI_Center/assets/image/img/course-img/France-course.jpg]
[antstudents.com/WebScholarshipS2/Group-1/ProjectCSS_SKI_Center/article/online_language.html]
[antstudents.com/WebScholarshipS2/Group-1/ProjectCSS_SKI_Center/article/online_eng.html]
[antstudents.com/WebScholarshipS2/Group-1/ProjectCSS_SKI_Center/assets/image/img/course-img/techno_pre_exam.png]
[antstudents.com/WebScholarshipS2/Group-1/ProjectCSS_SKI_Center/assets/image/img/course-img/scholl_Math.png]
[antstudents.com/WebScholarshipS2/Group-1/ProjectCSS_SKI_Center/assets/image/img/course-img/pre_exam_math.png]
[antstudents.com/WebScholarshipS2/Group-1/ProjectCSS_SKI_Center/assets/image/img/course-img/ball.jpg]
[antstudents.com/WebScholarshipS2/Group-1/ProjectCSS_SKI_Center/article/online_preexam.html]
[antstudents.com/WebScholarshipS2/Group-1/ProjectCSS_SKI_Center/article/online_nation_exam.html]
[antstudents.com/WebScholarshipS2/Group-1/ProjectCSS_SKI_Center/article/offline_detail.html]
[antstudents.com/WebScholarshipS2/Group-1/ProjectCSS_SKI_Center/article/offline_course.html]
[antstudents.com/WebScholarshipS2/Group-1/ProjectCSS_SKI_Center/assets/image/icon/offline-learning.svg]
[antstudents.com/WebScholarshipS2/Group-1/ProjectCSS_SKI_Center/article/offline_parttime.html]
[antstudents.com/WebScholarshipS2/Group-1/ProjectCSS_SKI_Center/assets/image/img/course-img/G11Khmer.jpg]
[antstudents.com/WebScholarshipS2/Group-1/ProjectCSS_SKI_Center/article/offline_high.html]
[antstudents.com/WebScholarshipS2/Group-1/ProjectCSS_SKI_Center/assets/image/img/course-img/bootstrap_course.jpg]
[antstudents.com/WebScholarshipS2/Group-1/ProjectCSS_SKI_Center/assets/image/img/course-img/Software-Development.jpg]
[antstudents.com/WebScholarshipS2/Group-1/ProjectCSS_SKI_Center/assets/image/img/course-img/online-c-child-1.webp]
[antstudents.com/WebScholarshipS2/Group-1/ProjectCSS_SKI_Center/article/offline_shortcourse.html]
[antstudents.com/WebScholarshipS2/Group-1/ProjectCSS_SKI_Center/article/offline_it.html]
[antstudents.com/WebScholarshipS2/Group-1/ProjectCSS_SKI_Center/assets/image/img/course-img/English_Course.jpg]
[antstudents.com/WebScholarshipS2/Group-1/ProjectCSS_SKI_Center/article/offline_language.html]
[antstudents.com/WebScholarshipS2/Group-1/ProjectCSS_SKI_Center/article/offline_eng.html]
[antstudents.com/WebScholarshipS2/Group-1/ProjectCSS_SKI_Center/article/offline_preexam.html]
[antstudents.com/WebScholarshipS2/Group-1/ProjectCSS_SKI_Center/assets/image/img/resource-img/resource_file_chemis.jpg]
[antstudents.com/WebScholarshipS2/Group-1/ProjectCSS_SKI_Center/assets/image/img/resource-img/book_moral_12.webp]
[antstudents.com/WebScholarshipS2/Group-1/ProjectCSS_SKI_Center/assets/image/img/resource-img/book_bio_12.webp]
[antstudents.com/WebScholarshipS2/Group-1/ProjectCSS_SKI_Center/assets/image/img/resource-img/book_khmer_12.jpg]
[antstudents.com/WebScholarshipS2/Group-1/ProjectCSS_SKI_Center/assets/image/img/resource-img/book_khmer_exam.jpg]
[antstudents.com/WebScholarshipS2/Group-1/ProjectCSS_SKI_Center/assets/image/img/resource-img/book_khmer_9.jpg]
[antstudents.com/WebScholarshipS2/Group-1/ProjectCSS_SKI_Center/assets/image/img/resource-img/book_scient_9.jpg]
[antstudents.com/WebScholarshipS2/Group-1/ProjectCSS_SKI_Center/article/resource.html]
[antstudents.com/WebScholarshipS2/Group-1/ProjectCSS_SKI_Center/assets/image/icon/resource.svg]
[antstudents.com/WebScholarshipS2/Group-1/ProjectCSS_SKI_Center/assets/image/img/resource-img/book_eng_G9.webp]
[antstudents.com/WebScholarshipS2/Group-1/ProjectCSS_SKI_Center/assets/image/img/resource-img/math_help_G9.webp]
[antstudents.com/WebScholarshipS2/Group-1/ProjectCSS_SKI_Center/assets/image/img/resource-img/book_societ_G9.jpg]
[antstudents.com/WebScholarshipS2/Group-1/ProjectCSS_SKI_Center/assets/image/img/resource-img/book_math_G9.jpg]
[antstudents.com/WebScholarshipS2/Group-1/ProjectCSS_SKI_Center/assets/image/img/resource-img/book_answer_math_G9.png]
[antstudents.com/WebScholarshipS2/Group-1/ProjectCSS_SKI_Center/assets/image/img/resource-img/form_tip_phy_G9.jpg]
[antstudents.com/WebScholarshipS2/Group-1/ProjectCSS_SKI_Center/article/resource_second.html]
[antstudents.com/WebScholarshipS2/Group-1/ProjectCSS_SKI_Center/article/resource_g9.html]
[antstudents.com/WebScholarshipS2/Group-1/ProjectCSS_SKI_Center/assets/image/img/resource-img/resource_file_physic2.webp]
[antstudents.com/WebScholarshipS2/Group-1/ProjectCSS_SKI_Center/assets/image/img/resource-img/book_math_G12.jpg]
[antstudents.com/WebScholarshipS2/Group-1/ProjectCSS_SKI_Center/assets/image/img/resource-img/resource_his_G12.jpg]
[antstudents.com/WebScholarshipS2/Group-1/ProjectCSS_SKI_Center/article/resource_high.html]
[antstudents.com/WebScholarshipS2/Group-1/ProjectCSS_SKI_Center/article/resource_g12.html]
[antstudents.com/WebScholarshipS2/Group-1/ProjectCSS_SKI_Center/assets/image/img/resource-img/PLC_Programming.png]
[antstudents.com/WebScholarshipS2/Group-1/ProjectCSS_SKI_Center/assets/image/img/resource-img/Python-Programming-Basics.png]
[antstudents.com/WebScholarshipS2/Group-1/ProjectCSS_SKI_Center/assets/image/img/resource-img/CSharp-Programming-Basics.png]
[antstudents.com/WebScholarshipS2/Group-1/ProjectCSS_SKI_Center/assets/image/img/resource-img/JavaScript-Programming-Basics.png]
[antstudents.com/WebScholarshipS2/Group-1/ProjectCSS_SKI_Center/assets/image/img/resource-img/JavaScriptGrow.png]
[antstudents.com/WebScholarshipS2/Group-1/ProjectCSS_SKI_Center/assets/image/img/resource-img/JavaGrow.png]
[antstudents.com/WebScholarshipS2/Group-1/ProjectCSS_SKI_Center/assets/image/img/resource-img/MySql_file.webp]
[antstudents.com/WebScholarshipS2/Group-1/ProjectCSS_SKI_Center/assets/image/img/resource-img/ReactNativeGrow.png]
[antstudents.com/WebScholarshipS2/Group-1/ProjectCSS_SKI_Center/article/resource_skill.html]
[antstudents.com/WebScholarshipS2/Group-1/ProjectCSS_SKI_Center/article/resource_it.html]
[antstudents.com/WebScholarshipS2/Group-1/ProjectCSS_SKI_Center/assets/image/img/resource-img/Eng_For_Every_1.webp]
[antstudents.com/WebScholarshipS2/Group-1/ProjectCSS_SKI_Center/assets/image/img/resource-img/English-for-Everyone-Level-1.jpg]
[antstudents.com/WebScholarshipS2/Group-1/ProjectCSS_SKI_Center/assets/image/img/resource-img/Eng_For_Every_2.jpg]
[antstudents.com/WebScholarshipS2/Group-1/ProjectCSS_SKI_Center/assets/image/img/resource-img/English-for-English-Level-2.jpg]
[antstudents.com/WebScholarshipS2/Group-1/ProjectCSS_SKI_Center/assets/image/img/resource-img/Eng_Conversation.jpg]
[antstudents.com/WebScholarshipS2/Group-1/ProjectCSS_SKI_Center/assets/image/img/resource-img/English-For-Cam.jpg]
[antstudents.com/WebScholarshipS2/Group-1/ProjectCSS_SKI_Center/assets/image/img/resource-img/Eng-Grammar-1.webp]
[antstudents.com/WebScholarshipS2/Group-1/ProjectCSS_SKI_Center/assets/image/img/resource-img/oxford-modern-english-grammar.jpg]
[antstudents.com/WebScholarshipS2/Group-1/ProjectCSS_SKI_Center/article/resource_language.html]
[antstudents.com/WebScholarshipS2/Group-1/ProjectCSS_SKI_Center/article/resource_eng.html]
[antstudents.com/WebScholarshipS2/Group-1/ProjectCSS_SKI_Center/assets/image/img/resource-img/resource_file_math_bakII.webp]
[antstudents.com/WebScholarshipS2/Group-1/ProjectCSS_SKI_Center/assets/image/img/resource-img/resource_file_math_bakII2.webp]
[antstudents.com/WebScholarshipS2/Group-1/ProjectCSS_SKI_Center/article/resource_preexam.html]
[antstudents.com/WebScholarshipS2/Group-1/ProjectCSS_SKI_Center/article/stu-pro-detial.html]
[antstudents.com/WebScholarshipS2/Group-1/ProjectCSS_SKI_Center/assets/image/img/landing-page-img/stu_pro_poster3.png]
[antstudents.com/WebScholarshipS2/Group-1/ProjectCSS_SKI_Center/assets/image/img/landing-page-img/stu_pro_poster2.png]
[antstudents.com/WebScholarshipS2/Group-1/ProjectCSS_SKI_Center/assets/image/img/landing-page-img/stu_pro_poster1.png]
[antstudents.com/WebScholarshipS2/Group-1/ProjectCSS_SKI_Center/assets/image/img/landing-page-img/Food-Social-Media.png]
[antstudents.com/WebScholarshipS2/Group-1/ProjectCSS_SKI_Center/assets/image/img/landing-page-img/stu_pro_poster4.jpg]
[antstudents.com/WebScholarshipS2/Group-1/ProjectCSS_SKI_Center/assets/image/img/landing-page-img/stu_pro_poster5.jpg]
[antstudents.com/WebScholarshipS2/Group-1/ProjectCSS_SKI_Center/assets/image/img/landing-page-img/stu_pro_poster-6.jpg]
[antstudents.com/WebScholarshipS2/Group-1/ProjectCSS_SKI_Center/assets/image/img/landing-page-img/stu_pro_poster-7.jpg]
[antstudents.com/WebScholarshipS2/Group-1/ProjectCSS_SKI_Center/assets/image/img/landing-page-img/orange_juice_1_no_image.jpg]
[antstudents.com/WebScholarshipS2/Group-1/ProjectCSS_SKI_Center/article/stu_project.html]
[antstudents.com/WebScholarshipS2/Group-1/ProjectCSS_SKI_Center/assets/image/icon/project-stu.svg]
[antstudents.com/WebScholarshipS2/Group-1/ProjectCSS_SKI_Center/assets/image/img/landing-page-img/work1.jpg]
[antstudents.com/WebScholarshipS2/Group-1/ProjectCSS_SKI_Center/assets/image/img/landing-page-img/work.jpg]
[antstudents.com/WebScholarshipS2/Group-1/ProjectCSS_SKI_Center/assets/image/img/landing-page-img/opporntunitise-work.jpg]
[antstudents.com/WebScholarshipS2/Group-1/ProjectCSS_SKI_Center/article/job_detail.html]
[antstudents.com/WebScholarshipS2/Group-1/ProjectCSS_SKI_Center/assets/image/img/landing-page-img/partner-ptt.png]
[antstudents.com/WebScholarshipS2/Group-1/ProjectCSS_SKI_Center/assets/image/img/landing-page-img/partner-ppcbank.png]
[antstudents.com/WebScholarshipS2/Group-1/ProjectCSS_SKI_Center/article/job_opport.html]
[antstudents.com/WebScholarshipS2/Group-1/ProjectCSS_SKI_Center/assets/image/icon/job.svg]
[antstudents.com/WebScholarshipS2/Group-1/ProjectCSS_SKI_Center/article/contact.html]
[antstudents.com/WebScholarshipS2/Group-1/ProjectCSS_SKI_Center/assets/image/icon/contact.svg]
[antstudents.com/WebScholarshipS2/Group-1/ProjectCSS_SKI_Center/assets/image/img/landing-page-img/students.jpg]
[antstudents.com/WebScholarshipS2/Group-1/ProjectCSS_SKI_Center/assets/image/img/landing-page-img/event-3.jpg]
[antstudents.com/WebScholarshipS2/Group-1/ProjectCSS_SKI_Center/assets/image/img/about-img/IMG_9571 copy copy.jpg]
[antstudents.com/WebScholarshipS2/Group-1/ProjectCSS_SKI_Center/assets/image/img/about-img/DSC_0717 copy.jpg]
[antstudents.com/WebScholarshipS2/Group-1/ProjectCSS_SKI_Center/assets/image/img/about-img/IMG_2246 copy.jpg]
[antstudents.com/WebScholarshipS2/Group-1/ProjectCSS_SKI_Center/article/about.html]
[antstudents.com/WebScholarshipS2/Group-1/ProjectCSS_SKI_Center/assets/image/icon/about-web.svg]
[antstudents.com/WebScholarshipS2/Group-1/ProjectCSS_SKI_Center/assets/image/img/landing-page-img/work_profile.webp]
[antstudents.com/WebScholarshipS2/Group-1/ProjectCSS_SKI_Center/assets/image/img/landing-page-img/html5.png]
[antstudents.com/WebScholarshipS2/Group-1/ProjectCSS_SKI_Center/article/notification.html]
[antstudents.com/WebScholarshipS2/Group-1/ProjectCSS_SKI_Center/article/profile.html]
[antstudents.com/WebScholarshipS2/Group-1/ProjectCSS_SKI_Center/assets/image/icon/online-learning.gif]
[antstudents.com/WebScholarshipS2/Group-1/ProjectCSS_SKI_Center/assets/image/icon/seminar.gif]
[antstudents.com/WebScholarshipS2/Group-1/ProjectCSS_SKI_Center/assets/image/icon/learning.gif]
[antstudents.com/WebScholarshipS2/Group-1/ProjectCSS_SKI_Center/assets/image/icon/books.gif]
[antstudents.com/WebScholarshipS2/Group-1/ProjectCSS_SKI_Center/assets/image/icon/education.gif]
[antstudents.com/WebScholarshipS2/Group-1/ProjectCSS_SKI_Center/assets/image/icon/notes.gif]
[antstudents.com/WebScholarshipS2/Group-1/ProjectCSS_SKI_Center/assets/image/icon/test.gif]
[antstudents.com/WebScholarshipS2/Group-1/ProjectCSS_SKI_Center/assets/image/icon/download.gif]
[antstudents.com/WebScholarshipS2/Group-1/ProjectCSS_SKI_Center/assets/image/icon/audiobook.gif]
[antstudents.com/WebScholarshipS2/Group-1/ProjectCSS_SKI_Center/assets/image/icon/dictionary.gif]
[antstudents.com/WebScholarshipS2/Group-1/ProjectCSS_SKI_Center/assets/image/img/banner-img/online-class-banner.jpg]
[antstudents.com/WebScholarshipS2/Group-1/ProjectCSS_SKI_Center/article/graduated_project.html]
[antstudents.com/WebScholarshipS2/Group-1/ProjectCSS_SKI_Center/article/learning.html]
[antstudents.com/WebScholarshipS2/Group-1/ProjectCSS_SKI_Center/article/my_class.html]
[antstudents.com/WebScholarshipS2/Group-1/ProjectCSS_SKI_Center/assets/image/icon/user-class.svg]
[antstudents.com/WebScholarshipS2/Group-1/ProjectCSS_SKI_Center/assets/image/img/cart-img/khqr-icon.png]
[antstudents.com/WebScholarshipS2/Group-1/ProjectCSS_SKI_Center/assets/image/img/cart-img/credit-cart-pay.png]
[antstudents.com/WebScholarshipS2/Group-1/ProjectCSS_SKI_Center/assets/image/img/cart-img/qrcode.png]
[antstudents.com/WebScholarshipS2/Group-1/ProjectCSS_SKI_Center/article/cart_pay.html]
[antstudents.com/WebScholarshipS2/Group-1/ProjectCSS_SKI_Center/article/wist_list.html]
[antstudents.com/WebScholarshipS2/Group-1/ProjectCSS_SKI_Center/article/setting.html]
[antstudents.com/WebScholarshipS2/Group-1/ProjectCSS_SKI_Center/assets/image/icon/user-setting.svg]
[antstudents.com/WebScholarshipS2/Group-1/ProjectCSS_SKI_Center/article/security.html]
[antstudents.com/WebScholarshipS2/Group-1/ProjectCSS_SKI_Center/assets/image/icon/security.svg]
[antstudents.com/WebScholarshipS2/Group-1/ProjectCSS_SKI_Center/assets/image/icon/globe-language.svg]
[antstudents.com/WebScholarshipS2/Group-1/ProjectCSS_SKI_Center/assets/image/icon/sign-out-alt.svg]
[antstudents.com/WebScholarshipS2/Group-1/ProjectCSS_SKI_Center/article/online_details.html]
[antstudents.com/WebScholarshipS2/Group-1/ProjectCSS_SKI_Center/article/profile-user.html]
[antstudents.com/WebScholarshipS2/Group-1/ProjectCSS_SKI_Center/assets/image/img/course-img/microsoft-word.html]
[antstudents.com/WebScholarshipS2/Group-1/ProjectCSS_SKI_Center/article/resource_detail.html]
[antstudents.com/WebScholarshipS2/Group-1/ProjectCSS_SKI_Center/assets/plugin/tom-select/tom-select.css]
[antstudents.com/WebScholarshipS2/Group-1/ProjectCSS_SKI_Center/assets/image/icon/folder-open.svg]
[antstudents.com/WebScholarshipS2/Group-1/ProjectCSS_SKI_Center/article/offline_detail.html]
[antstudents.com/WebScholarshipS2/Group-1/ProjectCSS_SKI_Center/assets/image/img/landing-page-img/work-1.png]
[antstudents.com/WebScholarshipS2/Group-1/ProjectCSS_SKI_Center/article/stu-pro-detial.html]
[antstudents.com/WebScholarshipS2/Group-1/ProjectCSS_SKI_Center/assets/image/img/landing-page-img/stu_pro_poster3.png]
[antstudents.com/WebScholarshipS2/Group-1/ProjectCSS_SKI_Center/assets/image/img/landing-page-img/stu_pro_poster1.png]
[antstudents.com/WebScholarshipS2/Group-1/ProjectCSS_SKI_Center/assets/image/img/landing-page-img/stu_pro_poster5.jpg]
[antstudents.com/WebScholarshipS2/Group-1/ProjectCSS_SKI_Center/assets/image/img/landing-page-img/stu_pro_poster-6.jpg]
[antstudents.com/WebScholarshipS2/Group-1/ProjectCSS_SKI_Center/assets/image/img/landing-page-img/hero_stu_hero1.jpg]
[antstudents.com/WebScholarshipS2/Group-1/ProjectCSS_SKI_Center/article/job_detail.html]
[antstudents.com/WebScholarshipS2/Group-1/ProjectCSS_SKI_Center/https_/cdnjs.cloudflare.com/ajax/libs/font-awesome/6.6.0/css/all.min.html]
[antstudents.com/WebScholarshipS2/Group-1/ProjectCSS_SKI_Center/article/assets/plugin/plyr/plyr.html]
[antstudents.com/WebScholarshipS2/Group-1/ProjectCSS_SKI_Center/assets/image/icon/location.svg]
[antstudents.com/WebScholarshipS2/Group-1/ProjectCSS_SKI_Center/assets/image/icon/customize.svg]
[antstudents.com/WebScholarshipS2/Group-1/ProjectCSS_SKI_Center/article/project_detail.html]
[antstudents.com/WebScholarshipS2/Group-1/ProjectCSS_SKI_Center/assets/image/icon/edit-file-icon.svg]
[antstudents.com/WebScholarshipS2/Group-1/ProjectCSS_SKI_Center/assets/image/icon/graduation-cap.svg]
[antstudents.com/WebScholarshipS2/Group-1/ProjectCSS_SKI_Center/assets/image/icon/education.gif]
[antstudents.com/WebScholarshipS2/Group-1/ProjectCSS_SKI_Center/assets/image/icon/notes.gif]
[antstudents.com/WebScholarshipS2/Group-1/ProjectCSS_SKI_Center/assets/image/icon/test.gif]
[antstudents.com/WebScholarshipS2/Group-1/ProjectCSS_SKI_Center/assets/image/icon/audiobook.gif]
[antstudents.com/WebScholarshipS2/Group-1/ProjectCSS_SKI_Center/article/graduated_project.html]
[antstudents.com/WebScholarshipS2/Group-1/ProjectCSS_SKI_Center/assets/image/icon/progress-complete.png]
[antstudents.com/WebScholarshipS2/Group-1/ProjectCSS_SKI_Center/assets/image/icon/e-learning.png]
[antstudents.com/WebScholarshipS2/Group-1/ProjectCSS_SKI_Center/assets/image/icon/time-fast.png]
[antstudents.com/WebScholarshipS2/Group-1/ProjectCSS_SKI_Center/assets/image/icon/alarm-clock.png]
[antstudents.com/WebScholarshipS2/Group-1/ProjectCSS_SKI_Center/article/learing_detail.html]
[antstudents.com/WebScholarshipS2/Group-1/ProjectCSS_SKI_Center/article/learning.html]
[antstudents.com/WebScholarshipS2/Group-1/ProjectCSS_SKI_Center/assets/image/icon/list.svg]
[antstudents.com/WebScholarshipS2/Group-1/ProjectCSS_SKI_Center/assets/video/The Basics of Photoshop Trailer.html]
[antstudents.com/WebScholarshipS2/Group-1/ProjectCSS_SKI_Center/article/profile-user.html]
[antstudents.com/WebScholarshipS2/Group-1/ProjectCSS_SKI_Center/article/learing_detail.html]
