[antstudents.com/WebScholarshipS2/Group-15/ProjectCSS_HoMeRealEstate/index.html]
[backblue.gif]
[fade.gif]
[index.html]
[antstudents.com/WebScholarshipS2/Group-15/ProjectCSS_HoMeRealEstate/asset/image/home-logo.png]
[antstudents.com/WebScholarshipS2/Group-15/ProjectCSS_HoMeRealEstate/asset/css/bootstrap.css]
[antstudents.com/WebScholarshipS2/Group-15/ProjectCSS_HoMeRealEstate/asset/css/style.css]
[antstudents.com/WebScholarshipS2/Group-15/ProjectCSS_HoMeRealEstate/asset/css/hugeicon.css]
[antstudents.com/WebScholarshipS2/Group-15/ProjectCSS_HoMeRealEstate/asset/css/all.min.css]
[antstudents.com/WebScholarshipS2/Group-15/ProjectCSS_HoMeRealEstate/asset/css/tom-select.css]
[antstudents.com/WebScholarshipS2/Group-15/ProjectCSS_HoMeRealEstate/asset/css/aos.css]
[antstudents.com/WebScholarshipS2/Group-15/ProjectCSS_HoMeRealEstate/asset/css/slimselect.css]
[antstudents.com/WebScholarshipS2/Group-15/ProjectCSS_HoMeRealEstate/asset/image/logo1.png]
[antstudents.com/WebScholarshipS2/Group-15/ProjectCSS_HoMeRealEstate/private-policy.html]
[antstudents.com/WebScholarshipS2/Group-15/ProjectCSS_HoMeRealEstate/home-page.html]
[antstudents.com/WebScholarshipS2/Group-15/ProjectCSS_HoMeRealEstate/asset/image/house-why.png]
[antstudents.com/WebScholarshipS2/Group-15/ProjectCSS_HoMeRealEstate/asset/image/kimhong.png]
[antstudents.com/WebScholarshipS2/Group-15/ProjectCSS_HoMeRealEstate/asset/image/facebook(1).png]
[antstudents.com/WebScholarshipS2/Group-15/ProjectCSS_HoMeRealEstate/asset/image/facebook (2).png]
[antstudents.com/WebScholarshipS2/Group-15/ProjectCSS_HoMeRealEstate/asset/image/facebook (3).png]
[antstudents.com/WebScholarshipS2/Group-15/ProjectCSS_HoMeRealEstate/asset/image/philen.png]
[antstudents.com/WebScholarshipS2/Group-15/ProjectCSS_HoMeRealEstate/asset/image/menglong.png]
[antstudents.com/WebScholarshipS2/Group-15/ProjectCSS_HoMeRealEstate/asset/image/poster1-agency.png]
[antstudents.com/WebScholarshipS2/Group-15/ProjectCSS_HoMeRealEstate/asset/image/f-1.png]
[antstudents.com/WebScholarshipS2/Group-15/ProjectCSS_HoMeRealEstate/asset/image/f-2.png]
[antstudents.com/WebScholarshipS2/Group-15/ProjectCSS_HoMeRealEstate/asset/image/f-3.png]
[antstudents.com/WebScholarshipS2/Group-15/ProjectCSS_HoMeRealEstate/asset/image/f-4.png]
[antstudents.com/WebScholarshipS2/Group-15/ProjectCSS_HoMeRealEstate/asset/image/f-5.png]
[antstudents.com/WebScholarshipS2/Group-15/ProjectCSS_HoMeRealEstate/asset/image/f-6.png]
[antstudents.com/WebScholarshipS2/Group-15/ProjectCSS_HoMeRealEstate/asset/image/f-7.png]
[antstudents.com/WebScholarshipS2/Group-15/ProjectCSS_HoMeRealEstate/asset/image/feed-1.jpg]
[antstudents.com/WebScholarshipS2/Group-15/ProjectCSS_HoMeRealEstate/login-detail-rent.html]
[antstudents.com/WebScholarshipS2/Group-15/ProjectCSS_HoMeRealEstate/asset/image/h-6.png]
[antstudents.com/WebScholarshipS2/Group-15/ProjectCSS_HoMeRealEstate/asset/image/i-2.png]
[antstudents.com/WebScholarshipS2/Group-15/ProjectCSS_HoMeRealEstate/asset/image/i-1.png]
[antstudents.com/WebScholarshipS2/Group-15/ProjectCSS_HoMeRealEstate/login-detail.html]
[antstudents.com/WebScholarshipS2/Group-15/ProjectCSS_HoMeRealEstate/asset/image/h-3.png]
[antstudents.com/WebScholarshipS2/Group-15/ProjectCSS_HoMeRealEstate/asset/image/h-8.png]
[antstudents.com/WebScholarshipS2/Group-15/ProjectCSS_HoMeRealEstate/asset/image/h-9.png]
[antstudents.com/WebScholarshipS2/Group-15/ProjectCSS_HoMeRealEstate/asset/image/i-3.png]
[antstudents.com/WebScholarshipS2/Group-15/ProjectCSS_HoMeRealEstate/asset/image/h-10.png]
[antstudents.com/WebScholarshipS2/Group-15/ProjectCSS_HoMeRealEstate/asset/image/h-7.png]
[antstudents.com/WebScholarshipS2/Group-15/ProjectCSS_HoMeRealEstate/asset/image/h-1.png]
[antstudents.com/WebScholarshipS2/Group-15/ProjectCSS_HoMeRealEstate/asset/image/index-contact-1.gif]
[antstudents.com/WebScholarshipS2/Group-15/ProjectCSS_HoMeRealEstate/asset/image/index-contact-2.gif]
[antstudents.com/WebScholarshipS2/Group-15/ProjectCSS_HoMeRealEstate/asset/image/index-contact-3.gif]
[antstudents.com/WebScholarshipS2/Group-15/ProjectCSS_HoMeRealEstate/asset/image/logo1-white.png]
[antstudents.com/WebScholarshipS2/Group-15/ProjectCSS_HoMeRealEstate/asset/image/h-4.png]
[antstudents.com/WebScholarshipS2/Group-15/ProjectCSS_HoMeRealEstate/asset/js/sweetalert.min.js]
[antstudents.com/WebScholarshipS2/Group-15/ProjectCSS_HoMeRealEstate/asset/js/jquery.min.js]
[antstudents.com/WebScholarshipS2/Group-15/ProjectCSS_HoMeRealEstate/asset/js/bootstrap.bundle.min.js]
[antstudents.com/WebScholarshipS2/Group-15/ProjectCSS_HoMeRealEstate/asset/js/akaricon.js]
[antstudents.com/WebScholarshipS2/Group-15/ProjectCSS_HoMeRealEstate/asset/js/tom-select.complete.min.js]
[antstudents.com/WebScholarshipS2/Group-15/ProjectCSS_HoMeRealEstate/asset/js/javascript.js]
[antstudents.com/WebScholarshipS2/Group-15/ProjectCSS_HoMeRealEstate/asset/js/aos.js]
[antstudents.com/WebScholarshipS2/Group-15/ProjectCSS_HoMeRealEstate/asset/js/slimselect.min.js]
[antstudents.com/WebScholarshipS2/Group-15/ProjectCSS_HoMeRealEstate/index.html]
[antstudents.com/WebScholarshipS2/Group-15/ProjectCSS_HoMeRealEstate/asset/css/bootstrap.css]
[antstudents.com/WebScholarshipS2/Group-15/ProjectCSS_HoMeRealEstate/asset/plugin/font/KantumruyPro-VariableFont_wght.ttf]
[img1.wsimg.com/signals/js/clients/scc-c2/scc-c2.min.js]
[antstudents.com/WebScholarshipS2/Group-15/ProjectCSS_HoMeRealEstate/asset/css/fonts/lg.woff]
[antstudents.com/WebScholarshipS2/Group-15/ProjectCSS_HoMeRealEstate/asset/css/fonts/lg.ttf]
[antstudents.com/WebScholarshipS2/Group-15/ProjectCSS_HoMeRealEstate/asset/image/faq-hero.png]
[antstudents.com/WebScholarshipS2/Group-15/ProjectCSS_HoMeRealEstate/asset/image/banner-com.png]
[antstudents.com/WebScholarshipS2/Group-15/ProjectCSS_HoMeRealEstate/asset/image/p-1.png]
[antstudents.com/WebScholarshipS2/Group-15/ProjectCSS_HoMeRealEstate/asset/image/banner-compay.png]
[antstudents.com/WebScholarshipS2/Group-15/ProjectCSS_HoMeRealEstate/asset/image/promotion.png]
[antstudents.com/WebScholarshipS2/Group-15/ProjectCSS_HoMeRealEstate/asset/image/land-hero2.jpg]
[antstudents.com/WebScholarshipS2/Group-15/ProjectCSS_HoMeRealEstate/asset/image/payment-2.png]
[antstudents.com/WebScholarshipS2/Group-15/ProjectCSS_HoMeRealEstate/asset/image/land-hero.jpg]
[antstudents.com/WebScholarshipS2/Group-15/ProjectCSS_HoMeRealEstate/asset/image/user-hero.png]
[antstudents.com/WebScholarshipS2/Group-15/ProjectCSS_HoMeRealEstate/asset/image/user-message.jpg]
[antstudents.com/WebScholarshipS2/Group-15/ProjectCSS_HoMeRealEstate/asset/image/beautiful-house-x1yu28g8twzle26l.jpg]
[antstudents.com/WebScholarshipS2/Group-15/ProjectCSS_HoMeRealEstate/asset/image/photo-1534237710431-e2fc698436d0.jpg]
[antstudents.com/WebScholarshipS2/Group-15/ProjectCSS_HoMeRealEstate/asset/image/sell-house.png]
[antstudents.com/WebScholarshipS2/Group-15/ProjectCSS_HoMeRealEstate/asset/image/rent-house.png]
[antstudents.com/WebScholarshipS2/Group-15/ProjectCSS_HoMeRealEstate/asset/image/member.png]
[antstudents.com/WebScholarshipS2/Group-15/ProjectCSS_HoMeRealEstate/asset/image/contactus.png]
[antstudents.com/WebScholarshipS2/Group-15/ProjectCSS_HoMeRealEstate/asset/image/building-page.png]
[antstudents.com/WebScholarshipS2/Group-15/ProjectCSS_HoMeRealEstate/asset/image/rush-rent.png]
[antstudents.com/WebScholarshipS2/Group-15/ProjectCSS_HoMeRealEstate/asset/image/rush-sell1.png]
[antstudents.com/WebScholarshipS2/Group-15/ProjectCSS_HoMeRealEstate/asset/image/OQPWCW1.jpg]
[antstudents.com/WebScholarshipS2/Group-15/ProjectCSS_HoMeRealEstate/asset/image/background-illustration-in-line-simple-geometric-flat-style-vector.jpg]
[antstudents.com/WebScholarshipS2/Group-15/ProjectCSS_HoMeRealEstate/asset/image/payment-1.png]
[antstudents.com/WebScholarshipS2/Group-15/ProjectCSS_HoMeRealEstate/asset/css/style.css]
[antstudents.com/WebScholarshipS2/Group-15/ProjectCSS_HoMeRealEstate/asset/css/hugeicon.css]
[antstudents.com/WebScholarshipS2/Group-15/ProjectCSS_HoMeRealEstate/asset/css/all.min.css]
[antstudents.com/WebScholarshipS2/Group-15/ProjectCSS_HoMeRealEstate/asset/css/tom-select.css]
[antstudents.com/WebScholarshipS2/Group-15/ProjectCSS_HoMeRealEstate/asset/css/aos.css]
[antstudents.com/WebScholarshipS2/Group-15/ProjectCSS_HoMeRealEstate/asset/css/slimselect.css]
[antstudents.com/WebScholarshipS2/Group-15/ProjectCSS_HoMeRealEstate/asset/image/telephone.svg]
[antstudents.com/WebScholarshipS2/Group-15/ProjectCSS_HoMeRealEstate/asset/image/email2.svg]
[antstudents.com/WebScholarshipS2/Group-15/ProjectCSS_HoMeRealEstate/asset/image/google.svg]
[antstudents.com/WebScholarshipS2/Group-15/ProjectCSS_HoMeRealEstate/asset/image/faceb.svg]
[antstudents.com/WebScholarshipS2/Group-15/ProjectCSS_HoMeRealEstate/asset/image/email.svg]
[antstudents.com/WebScholarshipS2/Group-15/ProjectCSS_HoMeRealEstate/asset/image/lock.svg]
[antstudents.com/WebScholarshipS2/Group-15/ProjectCSS_HoMeRealEstate/asset/image/login-ani.svg]
[antstudents.com/WebScholarshipS2/Group-15/ProjectCSS_HoMeRealEstate/asset/image/user-huge.svg]
[antstudents.com/WebScholarshipS2/Group-15/ProjectCSS_HoMeRealEstate/setting-page.html]
[antstudents.com/WebScholarshipS2/Group-15/ProjectCSS_HoMeRealEstate/asset/image/christian-buehner-ditylc26zvi-unsplash.jpg]
[antstudents.com/WebScholarshipS2/Group-15/ProjectCSS_HoMeRealEstate/setting-notifacation.html]
[antstudents.com/WebScholarshipS2/Group-15/ProjectCSS_HoMeRealEstate/asset/image/no-profile.png]
[antstudents.com/WebScholarshipS2/Group-15/ProjectCSS_HoMeRealEstate/asset/image/user-profile.jpg]
[antstudents.com/WebScholarshipS2/Group-15/ProjectCSS_HoMeRealEstate/asset/image/search.png]
[antstudents.com/WebScholarshipS2/Group-15/ProjectCSS_HoMeRealEstate/buy-page.html]
[antstudents.com/WebScholarshipS2/Group-15/ProjectCSS_HoMeRealEstate/building.html]
[antstudents.com/WebScholarshipS2/Group-15/ProjectCSS_HoMeRealEstate/help-to-buy.html]
[antstudents.com/WebScholarshipS2/Group-15/ProjectCSS_HoMeRealEstate/sell-hosting.html]
[antstudents.com/WebScholarshipS2/Group-15/ProjectCSS_HoMeRealEstate/apply-to-seller.html]
[antstudents.com/WebScholarshipS2/Group-15/ProjectCSS_HoMeRealEstate/rent-house.html]
[antstudents.com/WebScholarshipS2/Group-15/ProjectCSS_HoMeRealEstate/rush-rent.html]
[antstudents.com/WebScholarshipS2/Group-15/ProjectCSS_HoMeRealEstate/agent.html]
[antstudents.com/WebScholarshipS2/Group-15/ProjectCSS_HoMeRealEstate/documentation.html]
[antstudents.com/WebScholarshipS2/Group-15/ProjectCSS_HoMeRealEstate/rush-sell.html]
[antstudents.com/WebScholarshipS2/Group-15/ProjectCSS_HoMeRealEstate/promotion.html]
[antstudents.com/WebScholarshipS2/Group-15/ProjectCSS_HoMeRealEstate/contact-us.html]
[antstudents.com/WebScholarshipS2/Group-15/ProjectCSS_HoMeRealEstate/company-about.html]
[antstudents.com/WebScholarshipS2/Group-15/ProjectCSS_HoMeRealEstate/about-us.html]
[antstudents.com/WebScholarshipS2/Group-15/ProjectCSS_HoMeRealEstate/faq.html]
[antstudents.com/WebScholarshipS2/Group-15/ProjectCSS_HoMeRealEstate/Feedback.html]
[antstudents.com/WebScholarshipS2/Group-15/ProjectCSS_HoMeRealEstate/blog.html]
[antstudents.com/WebScholarshipS2/Group-15/ProjectCSS_HoMeRealEstate/setting-post.html]
[antstudents.com/WebScholarshipS2/Group-15/ProjectCSS_HoMeRealEstate/asset/image/sold.png]
[antstudents.com/WebScholarshipS2/Group-15/ProjectCSS_HoMeRealEstate/setting-message.html]
[antstudents.com/WebScholarshipS2/Group-15/ProjectCSS_HoMeRealEstate/asset/image/chat.png]
[antstudents.com/WebScholarshipS2/Group-15/ProjectCSS_HoMeRealEstate/setting-receipt.html]
[antstudents.com/WebScholarshipS2/Group-15/ProjectCSS_HoMeRealEstate/asset/image/invoice.png]
[antstudents.com/WebScholarshipS2/Group-15/ProjectCSS_HoMeRealEstate/setting-save.html]
[antstudents.com/WebScholarshipS2/Group-15/ProjectCSS_HoMeRealEstate/asset/image/favourite.png]
[antstudents.com/WebScholarshipS2/Group-15/ProjectCSS_HoMeRealEstate/setting-booking.html]
[antstudents.com/WebScholarshipS2/Group-15/ProjectCSS_HoMeRealEstate/asset/image/booked.png]
[antstudents.com/WebScholarshipS2/Group-15/ProjectCSS_HoMeRealEstate/setting-setting.html]
[antstudents.com/WebScholarshipS2/Group-15/ProjectCSS_HoMeRealEstate/asset/image/setting.png]
[antstudents.com/WebScholarshipS2/Group-15/ProjectCSS_HoMeRealEstate/asset/image/log-out.png]
[antstudents.com/WebScholarshipS2/Group-15/ProjectCSS_HoMeRealEstate/detail-sell-page.html]
[antstudents.com/WebScholarshipS2/Group-15/ProjectCSS_HoMeRealEstate/private-policy.html]
[antstudents.com/WebScholarshipS2/Group-15/ProjectCSS_HoMeRealEstate/detail-rent-page.html]
[antstudents.com/WebScholarshipS2/Group-15/ProjectCSS_HoMeRealEstate/home-page.html]
[antstudents.com/WebScholarshipS2/Group-15/ProjectCSS_HoMeRealEstate/asset/image/sign-up.svg]
[antstudents.com/WebScholarshipS2/Group-15/ProjectCSS_HoMeRealEstate/asset/image/help-cirlce.svg]
[antstudents.com/WebScholarshipS2/Group-15/ProjectCSS_HoMeRealEstate/asset/image/confirm-pass.svg]
[antstudents.com/WebScholarshipS2/Group-15/ProjectCSS_HoMeRealEstate/asset/image/otp-password.svg]
[antstudents.com/WebScholarshipS2/Group-15/ProjectCSS_HoMeRealEstate/asset/image/arrow-sm-up-svgrepo-com.svg]
[antstudents.com/WebScholarshipS2/Group-15/ProjectCSS_HoMeRealEstate/asset/image/home.svg]
[antstudents.com/WebScholarshipS2/Group-15/ProjectCSS_HoMeRealEstate/asset/image/tag-sale.svg]
[antstudents.com/WebScholarshipS2/Group-15/ProjectCSS_HoMeRealEstate/asset/image/location.svg]
[antstudents.com/WebScholarshipS2/Group-15/ProjectCSS_HoMeRealEstate/asset/image/search.svg]
[antstudents.com/WebScholarshipS2/Group-15/ProjectCSS_HoMeRealEstate/asset/image/house-for-sale-svgrepo-com.svg]
[antstudents.com/WebScholarshipS2/Group-15/ProjectCSS_HoMeRealEstate/asset/image/agent-seller-svgrepo-com.svg]
[antstudents.com/WebScholarshipS2/Group-15/ProjectCSS_HoMeRealEstate/asset/image/auction.svg]
[antstudents.com/WebScholarshipS2/Group-15/ProjectCSS_HoMeRealEstate/asset/image/contract-loan-svgrepo-com.svg]
[antstudents.com/WebScholarshipS2/Group-15/ProjectCSS_HoMeRealEstate/asset/image/menglong.png]
[antstudents.com/WebScholarshipS2/Group-15/ProjectCSS_HoMeRealEstate/asset/css/plyr.css]
[antstudents.com/WebScholarshipS2/Group-15/ProjectCSS_HoMeRealEstate/asset/css/lightgallery-bundle.min.css]
[antstudents.com/WebScholarshipS2/Group-15/ProjectCSS_HoMeRealEstate/asset/image/detail-1.jpg]
[antstudents.com/WebScholarshipS2/Group-15/ProjectCSS_HoMeRealEstate/asset/image/detail-7.png]
[antstudents.com/WebScholarshipS2/Group-15/ProjectCSS_HoMeRealEstate/asset/image/detail-5.jpg]
[antstudents.com/WebScholarshipS2/Group-15/ProjectCSS_HoMeRealEstate/asset/image/detail8.png]
[antstudents.com/WebScholarshipS2/Group-15/ProjectCSS_HoMeRealEstate/asset/image/detail-4.jpg]
[antstudents.com/WebScholarshipS2/Group-15/ProjectCSS_HoMeRealEstate/asset/image/detail-3.jpg]
[antstudents.com/WebScholarshipS2/Group-15/ProjectCSS_HoMeRealEstate/asset/image/review1.jpg]
[antstudents.com/WebScholarshipS2/Group-15/ProjectCSS_HoMeRealEstate/asset/image/agent profile.jpg]
[antstudents.com/WebScholarshipS2/Group-15/ProjectCSS_HoMeRealEstate/asset/js/plyr.js]
[antstudents.com/WebScholarshipS2/Group-15/ProjectCSS_HoMeRealEstate/asset/js/lightgallery.min.js]
[antstudents.com/WebScholarshipS2/Group-15/ProjectCSS_HoMeRealEstate/asset/js/lg-share.min.js]
[antstudents.com/WebScholarshipS2/Group-15/ProjectCSS_HoMeRealEstate/asset/js/lg-zoom.min.js]
[antstudents.com/WebScholarshipS2/Group-15/ProjectCSS_HoMeRealEstate/asset/js/lg-fullscreen.min.js]
[antstudents.com/WebScholarshipS2/Group-15/ProjectCSS_HoMeRealEstate/login-detail-rent.html]
[antstudents.com/WebScholarshipS2/Group-15/ProjectCSS_HoMeRealEstate/asset/image/HD-wallpaper-beautiful-house-house-relax-home-beautiful-sky-blue.jpg]
[antstudents.com/WebScholarshipS2/Group-15/ProjectCSS_HoMeRealEstate/login-detail.html]
[antstudents.com/WebScholarshipS2/Group-15/ProjectCSS_HoMeRealEstate/asset/image/chat-bub.svg]
[antstudents.com/WebScholarshipS2/Group-15/ProjectCSS_HoMeRealEstate/asset/image/smart-phone.svg]
[antstudents.com/WebScholarshipS2/Group-15/ProjectCSS_HoMeRealEstate/asset/image/global.svg]
[antstudents.com/WebScholarshipS2/Group-15/ProjectCSS_HoMeRealEstate/asset/image/facebook-boxed-svgrepo-com.svg]
[antstudents.com/WebScholarshipS2/Group-15/ProjectCSS_HoMeRealEstate/asset/image/instagram-svgrepo-com.svg]
[antstudents.com/WebScholarshipS2/Group-15/ProjectCSS_HoMeRealEstate/asset/image/twitter-x.svg]
[antstudents.com/WebScholarshipS2/Group-15/ProjectCSS_HoMeRealEstate/asset/image/linkedin-svgrepo-com.svg]
[antstudents.com/WebScholarshipS2/Group-15/ProjectCSS_HoMeRealEstate/asset/image/clock.svg]
[antstudents.com/WebScholarshipS2/Group-15/ProjectCSS_HoMeRealEstate/asset/image/veiw-eyes.svg]
[antstudents.com/WebScholarshipS2/Group-15/ProjectCSS_HoMeRealEstate/asset/image/bed.svg]
[antstudents.com/WebScholarshipS2/Group-15/ProjectCSS_HoMeRealEstate/asset/image/bathtub.svg]
[antstudents.com/WebScholarshipS2/Group-15/ProjectCSS_HoMeRealEstate/asset/image/calender.svg]
[antstudents.com/WebScholarshipS2/Group-15/ProjectCSS_HoMeRealEstate/asset/image/network.svg]
[antstudents.com/WebScholarshipS2/Group-15/ProjectCSS_HoMeRealEstate/asset/image/heart.svg]
[antstudents.com/WebScholarshipS2/Group-15/ProjectCSS_HoMeRealEstate/asset/css/fonts/lg.svg]
[antstudents.com/WebScholarshipS2/Group-15/ProjectCSS_HoMeRealEstate/asset/image/right-arrow.svg]
[antstudents.com/WebScholarshipS2/Group-15/ProjectCSS_HoMeRealEstate/asset/image/left-arrow.svg]
[antstudents.com/WebScholarshipS2/Group-15/ProjectCSS_HoMeRealEstate/asset/image/cancel.svg]
[antstudents.com/WebScholarshipS2/Group-15/ProjectCSS_HoMeRealEstate/asset/image/cancel-black.svg]
[antstudents.com/WebScholarshipS2/Group-15/ProjectCSS_HoMeRealEstate/asset/image/Blue.html]
[antstudents.com/WebScholarshipS2/Group-15/ProjectCSS_HoMeRealEstate/asset/image/Beige.html]
[antstudents.com/WebScholarshipS2/Group-15/ProjectCSS_HoMeRealEstate/asset/image/Untitled.html]
[antstudents.com/WebScholarshipS2/Group-15/ProjectCSS_HoMeRealEstate/asset/image/background.html]
[antstudents.com/WebScholarshipS2/Group-15/ProjectCSS_HoMeRealEstate/asset/image/privacy.html]
[antstudents.com/WebScholarshipS2/Group-15/ProjectCSS_HoMeRealEstate/asset/image/OQPWCW1.jpg]
[antstudents.com/WebScholarshipS2/Group-15/ProjectCSS_HoMeRealEstate/asset/image/payment-1.png]
[antstudents.com/WebScholarshipS2/Group-15/ProjectCSS_HoMeRealEstate/asset/css/hgi-stroke-rounded9cb3.html]
[antstudents.com/WebScholarshipS2/Group-15/ProjectCSS_HoMeRealEstate/asset/css/hgi-stroke-rounded9cb3-2.html]
[antstudents.com/WebScholarshipS2/Group-15/ProjectCSS_HoMeRealEstate/asset/css/hgi-stroke-rounded9cb3-3.html]
[antstudents.com/WebScholarshipS2/Group-15/ProjectCSS_HoMeRealEstate/asset/css/hgi-stroke-rounded9cb3-4.html]
[antstudents.com/WebScholarshipS2/Group-15/ProjectCSS_HoMeRealEstate/asset/css/hgi-stroke-rounded9cb3-5.html]
[antstudents.com/WebScholarshipS2/Group-15/ProjectCSS_HoMeRealEstate/asset/webfonts/fa-brands-400.html]
[antstudents.com/WebScholarshipS2/Group-15/ProjectCSS_HoMeRealEstate/asset/webfonts/fa-brands-401.html]
[antstudents.com/WebScholarshipS2/Group-15/ProjectCSS_HoMeRealEstate/asset/webfonts/fa-regular-400.html]
[antstudents.com/WebScholarshipS2/Group-15/ProjectCSS_HoMeRealEstate/asset/webfonts/fa-regular-401.html]
[antstudents.com/WebScholarshipS2/Group-15/ProjectCSS_HoMeRealEstate/asset/webfonts/fa-solid-900.html]
[antstudents.com/WebScholarshipS2/Group-15/ProjectCSS_HoMeRealEstate/asset/webfonts/fa-solid-901.html]
[antstudents.com/WebScholarshipS2/Group-15/ProjectCSS_HoMeRealEstate/asset/webfonts/fa-v4compatibility.html]
[antstudents.com/WebScholarshipS2/Group-15/ProjectCSS_HoMeRealEstate/asset/webfonts/fa-v4compatibility-2.html]
[antstudents.com/WebScholarshipS2/Group-15/ProjectCSS_HoMeRealEstate/asset/image/notification.svg]
[antstudents.com/WebScholarshipS2/Group-15/ProjectCSS_HoMeRealEstate/asset/image/setting.jpg]
[antstudents.com/WebScholarshipS2/Group-15/ProjectCSS_HoMeRealEstate/asset/image/setting-profile.png]
[antstudents.com/WebScholarshipS2/Group-15/ProjectCSS_HoMeRealEstate/asset/image/setting-notification.png]
[antstudents.com/WebScholarshipS2/Group-15/ProjectCSS_HoMeRealEstate/package.html]
[antstudents.com/WebScholarshipS2/Group-15/ProjectCSS_HoMeRealEstate/asset/image/h-2.png]
[antstudents.com/WebScholarshipS2/Group-15/ProjectCSS_HoMeRealEstate/asset/image/agent profile 4.png]
[antstudents.com/WebScholarshipS2/Group-15/ProjectCSS_HoMeRealEstate/asset/image/agent profile 1.jpg]
[antstudents.com/WebScholarshipS2/Group-15/ProjectCSS_HoMeRealEstate/asset/image/bill.png]
[antstudents.com/WebScholarshipS2/Group-15/ProjectCSS_HoMeRealEstate/setting-page.html]
[antstudents.com/WebScholarshipS2/Group-15/ProjectCSS_HoMeRealEstate/setting-notifacation.html]
[antstudents.com/WebScholarshipS2/Group-15/ProjectCSS_HoMeRealEstate/asset/image/rent-page.jpg]
[antstudents.com/WebScholarshipS2/Group-15/ProjectCSS_HoMeRealEstate/buy-page.html]
[antstudents.com/WebScholarshipS2/Group-15/ProjectCSS_HoMeRealEstate/onbuilding.html]
[antstudents.com/WebScholarshipS2/Group-15/ProjectCSS_HoMeRealEstate/asset/image/building-home1.png]
[antstudents.com/WebScholarshipS2/Group-15/ProjectCSS_HoMeRealEstate/asset/image/building-home2.png]
[antstudents.com/WebScholarshipS2/Group-15/ProjectCSS_HoMeRealEstate/asset/image/build-home5.png]
[antstudents.com/WebScholarshipS2/Group-15/ProjectCSS_HoMeRealEstate/asset/image/building-home6.png]
[antstudents.com/WebScholarshipS2/Group-15/ProjectCSS_HoMeRealEstate/asset/image/building-home4.png]
[antstudents.com/WebScholarshipS2/Group-15/ProjectCSS_HoMeRealEstate/asset/image/Artboard_1-removebg-preview.png]
[antstudents.com/WebScholarshipS2/Group-15/ProjectCSS_HoMeRealEstate/asset/image/building-house10.png]
[antstudents.com/WebScholarshipS2/Group-15/ProjectCSS_HoMeRealEstate/asset/image/building-house9.png]
[antstudents.com/WebScholarshipS2/Group-15/ProjectCSS_HoMeRealEstate/asset/image/building-house8.png]
[antstudents.com/WebScholarshipS2/Group-15/ProjectCSS_HoMeRealEstate/building.html]
[antstudents.com/WebScholarshipS2/Group-15/ProjectCSS_HoMeRealEstate/asset/image/help-to-buy.jpg]
[antstudents.com/WebScholarshipS2/Group-15/ProjectCSS_HoMeRealEstate/help-detail.html]
[antstudents.com/WebScholarshipS2/Group-15/ProjectCSS_HoMeRealEstate/asset/image/h-5.png]
[antstudents.com/WebScholarshipS2/Group-15/ProjectCSS_HoMeRealEstate/help-to-buy.html]
[cdn.jsdelivr.net/npm/quill@2.0.2/dist/quill.snow.css]
[cdn.jsdelivr.net/npm/quill@2.0.2/dist/quill.js]
[antstudents.com/WebScholarshipS2/Group-15/ProjectCSS_HoMeRealEstate/sell-hosting.html]
[antstudents.com/WebScholarshipS2/Group-15/ProjectCSS_HoMeRealEstate/asset/image/apply-seller.png]
[antstudents.com/WebScholarshipS2/Group-15/ProjectCSS_HoMeRealEstate/asset/image/small-sell3.png]
[antstudents.com/WebScholarshipS2/Group-15/ProjectCSS_HoMeRealEstate/asset/image/small-sell2.png]
[antstudents.com/WebScholarshipS2/Group-15/ProjectCSS_HoMeRealEstate/asset/image/small-sell.png]
[antstudents.com/WebScholarshipS2/Group-15/ProjectCSS_HoMeRealEstate/apply-to-seller.html]
[antstudents.com/WebScholarshipS2/Group-15/ProjectCSS_HoMeRealEstate/rent-house.html]
[antstudents.com/WebScholarshipS2/Group-15/ProjectCSS_HoMeRealEstate/rush-rent-detail.html]
[antstudents.com/WebScholarshipS2/Group-15/ProjectCSS_HoMeRealEstate/asset/image/home1 (2).png]
[antstudents.com/WebScholarshipS2/Group-15/ProjectCSS_HoMeRealEstate/asset/image/home2 (2).png]
[antstudents.com/WebScholarshipS2/Group-15/ProjectCSS_HoMeRealEstate/asset/image/docu-4.png]
[antstudents.com/WebScholarshipS2/Group-15/ProjectCSS_HoMeRealEstate/asset/image/home4.png]
[antstudents.com/WebScholarshipS2/Group-15/ProjectCSS_HoMeRealEstate/rush-rent.html]
[antstudents.com/WebScholarshipS2/Group-15/ProjectCSS_HoMeRealEstate/asset/image/agent-image-bg.png]
[antstudents.com/WebScholarshipS2/Group-15/ProjectCSS_HoMeRealEstate/profile-agent.html]
[antstudents.com/WebScholarshipS2/Group-15/ProjectCSS_HoMeRealEstate/asset/image/agent profile 5.png]
[antstudents.com/WebScholarshipS2/Group-15/ProjectCSS_HoMeRealEstate/asset/image/agent profile 6.png]
[antstudents.com/WebScholarshipS2/Group-15/ProjectCSS_HoMeRealEstate/asset/image/agent profile 7.png]
[antstudents.com/WebScholarshipS2/Group-15/ProjectCSS_HoMeRealEstate/asset/image/agent profile 8.png]
[antstudents.com/WebScholarshipS2/Group-15/ProjectCSS_HoMeRealEstate/asset/image/agent profile 10.png]
[antstudents.com/WebScholarshipS2/Group-15/ProjectCSS_HoMeRealEstate/asset/image/agent profile 9.png]
[antstudents.com/WebScholarshipS2/Group-15/ProjectCSS_HoMeRealEstate/agent.html]
[antstudents.com/WebScholarshipS2/Group-15/ProjectCSS_HoMeRealEstate/asset/image/docu-1.png]
[antstudents.com/WebScholarshipS2/Group-15/ProjectCSS_HoMeRealEstate/asset/image/docu-2.png]
[antstudents.com/WebScholarshipS2/Group-15/ProjectCSS_HoMeRealEstate/asset/image/docu-3.png]
[antstudents.com/WebScholarshipS2/Group-15/ProjectCSS_HoMeRealEstate/documentation.html]
[antstudents.com/WebScholarshipS2/Group-15/ProjectCSS_HoMeRealEstate/asset/image/arrow-down.svg]
[antstudents.com/WebScholarshipS2/Group-15/ProjectCSS_HoMeRealEstate/rush-detail.html]
[antstudents.com/WebScholarshipS2/Group-15/ProjectCSS_HoMeRealEstate/rush-sell.html]
[cdn.jsdelivr.net/npm/swiper@11/swiper-bundle.min.css]
[antstudents.com/WebScholarshipS2/Group-15/ProjectCSS_HoMeRealEstate/asset/image/Animation - 1722927017802.gif]
[antstudents.com/WebScholarshipS2/Group-15/ProjectCSS_HoMeRealEstate/asset/image/girl.png]
[antstudents.com/WebScholarshipS2/Group-15/ProjectCSS_HoMeRealEstate/asset/image/discount.gif]
[antstudents.com/WebScholarshipS2/Group-15/ProjectCSS_HoMeRealEstate/asset/image/promotion1.png]
[antstudents.com/WebScholarshipS2/Group-15/ProjectCSS_HoMeRealEstate/asset/image/promotion3.png]
[antstudents.com/WebScholarshipS2/Group-15/ProjectCSS_HoMeRealEstate/asset/image/Black and Grey Real Estate Home Buying Tips Instagram Post.png]
[antstudents.com/WebScholarshipS2/Group-15/ProjectCSS_HoMeRealEstate/asset/image/promotion2.png]
[antstudents.com/WebScholarshipS2/Group-15/ProjectCSS_HoMeRealEstate/asset/image/promotion4.png]
[antstudents.com/WebScholarshipS2/Group-15/ProjectCSS_HoMeRealEstate/payment.html]
[antstudents.com/WebScholarshipS2/Group-15/ProjectCSS_HoMeRealEstate/asset/image/onbuild-2.png]
[antstudents.com/WebScholarshipS2/Group-15/ProjectCSS_HoMeRealEstate/asset/image/onbuild-5.png]
[antstudents.com/WebScholarshipS2/Group-15/ProjectCSS_HoMeRealEstate/asset/image/onbulid-7.png]
[antstudents.com/WebScholarshipS2/Group-15/ProjectCSS_HoMeRealEstate/asset/image/onbuilding.png]
[antstudents.com/WebScholarshipS2/Group-15/ProjectCSS_HoMeRealEstate/asset/image/onbuild-3.png]
[antstudents.com/WebScholarshipS2/Group-15/ProjectCSS_HoMeRealEstate/promotion.html]
[antstudents.com/WebScholarshipS2/Group-15/ProjectCSS_HoMeRealEstate/asset/image/discount.svg]
[antstudents.com/WebScholarshipS2/Group-15/ProjectCSS_HoMeRealEstate/asset/image/contact-us.png]
[antstudents.com/WebScholarshipS2/Group-15/ProjectCSS_HoMeRealEstate/asset/js/swiper-bundle.min.js]
[antstudents.com/WebScholarshipS2/Group-15/ProjectCSS_HoMeRealEstate/asset/image/contact-map.gif]
[antstudents.com/WebScholarshipS2/Group-15/ProjectCSS_HoMeRealEstate/asset/image/contact-mail.gif]
[antstudents.com/WebScholarshipS2/Group-15/ProjectCSS_HoMeRealEstate/asset/image/contact-phone.gif]
[antstudents.com/WebScholarshipS2/Group-15/ProjectCSS_HoMeRealEstate/asset/image/work-time.gif]
[antstudents.com/WebScholarshipS2/Group-15/ProjectCSS_HoMeRealEstate/asset/image/contactus-2.png]
[antstudents.com/WebScholarshipS2/Group-15/ProjectCSS_HoMeRealEstate/asset/image/contactus-2.gif]
[antstudents.com/WebScholarshipS2/Group-15/ProjectCSS_HoMeRealEstate/contact-us.html]
[maxcdn.bootstrapcdn.com/bootstrap/4.0.0/js/bootstrap.min.js]
[cdnjs.cloudflare.com/ajax/libs/jquery/3.2.1/jquery.min.js]
[antstudents.com/WebScholarshipS2/Group-15/ProjectCSS_HoMeRealEstate/asset/image/figma-design.gif]
[antstudents.com/WebScholarshipS2/Group-15/ProjectCSS_HoMeRealEstate/asset/image/team-management.gif]
[antstudents.com/WebScholarshipS2/Group-15/ProjectCSS_HoMeRealEstate/asset/image/coding.gif]
[antstudents.com/WebScholarshipS2/Group-15/ProjectCSS_HoMeRealEstate/asset/image/merge.gif]
[antstudents.com/WebScholarshipS2/Group-15/ProjectCSS_HoMeRealEstate/asset/js/chart.js]
[antstudents.com/WebScholarshipS2/Group-15/ProjectCSS_HoMeRealEstate/company-about.html]
[antstudents.com/WebScholarshipS2/Group-15/ProjectCSS_HoMeRealEstate/asset/image/about-1.png]
[antstudents.com/WebScholarshipS2/Group-15/ProjectCSS_HoMeRealEstate/asset/image/about-2.png]
[antstudents.com/WebScholarshipS2/Group-15/ProjectCSS_HoMeRealEstate/asset/image/about-3.png]
[antstudents.com/WebScholarshipS2/Group-15/ProjectCSS_HoMeRealEstate/asset/image/mptc-Logo-label.png]
[antstudents.com/WebScholarshipS2/Group-15/ProjectCSS_HoMeRealEstate/asset/image/cbrd-logo.png]
[antstudents.com/WebScholarshipS2/Group-15/ProjectCSS_HoMeRealEstate/asset/image/ant-logo.jpg]
[antstudents.com/WebScholarshipS2/Group-15/ProjectCSS_HoMeRealEstate/asset/image/about-4.png]
[antstudents.com/WebScholarshipS2/Group-15/ProjectCSS_HoMeRealEstate/asset/image/about-5.png]
[antstudents.com/WebScholarshipS2/Group-15/ProjectCSS_HoMeRealEstate/about-us.html]
[antstudents.com/WebScholarshipS2/Group-15/ProjectCSS_HoMeRealEstate/asset/image/faq-background.jpg]
[antstudents.com/WebScholarshipS2/Group-15/ProjectCSS_HoMeRealEstate/faq.html]
[antstudents.com/WebScholarshipS2/Group-15/ProjectCSS_HoMeRealEstate/Feedback.html]
[antstudents.com/WebScholarshipS2/Group-15/ProjectCSS_HoMeRealEstate/asset/image/singularity_35-Cologne.jpg]
[antstudents.com/WebScholarshipS2/Group-15/ProjectCSS_HoMeRealEstate/asset/image/nsplsh_abd7d1a8431f4910b1b97d521da176fa_mv2.jpg]
[antstudents.com/WebScholarshipS2/Group-15/ProjectCSS_HoMeRealEstate/asset/image/construction-silhouette-scaled.jpg]
[antstudents.com/WebScholarshipS2/Group-15/ProjectCSS_HoMeRealEstate/asset/image/columbia-town-center-columbia-md.jpg]
[antstudents.com/WebScholarshipS2/Group-15/ProjectCSS_HoMeRealEstate/asset/image/7OGYYKDSJVBKBNVLQQ3W5OHOUM.jpg]
[antstudents.com/WebScholarshipS2/Group-15/ProjectCSS_HoMeRealEstate/asset/image/d50810c42ee0e8638718ff79e24ea659.jpg]
[antstudents.com/WebScholarshipS2/Group-15/ProjectCSS_HoMeRealEstate/blog.html]
[antstudents.com/WebScholarshipS2/Group-15/ProjectCSS_HoMeRealEstate/o.kimhong168@gmail.html]
[antstudents.com/WebScholarshipS2/Group-15/ProjectCSS_HoMeRealEstate/setting-post.html]
[antstudents.com/WebScholarshipS2/Group-15/ProjectCSS_HoMeRealEstate/setting-message.html]
[antstudents.com/WebScholarshipS2/Group-15/ProjectCSS_HoMeRealEstate/setting-receipt.html]
[antstudents.com/WebScholarshipS2/Group-15/ProjectCSS_HoMeRealEstate/setting-save.html]
[antstudents.com/WebScholarshipS2/Group-15/ProjectCSS_HoMeRealEstate/setting-booking.html]
[antstudents.com/WebScholarshipS2/Group-15/ProjectCSS_HoMeRealEstate/setting-setting.html]
[antstudents.com/WebScholarshipS2/Group-15/ProjectCSS_HoMeRealEstate/asset/image/home-house-svgrepo-com.svg]
[antstudents.com/WebScholarshipS2/Group-15/ProjectCSS_HoMeRealEstate/asset/image/id-card-svgrepo-com.svg]
[antstudents.com/WebScholarshipS2/Group-15/ProjectCSS_HoMeRealEstate/asset/image/person-protection-security-svgrepo-com.svg]
[antstudents.com/WebScholarshipS2/Group-15/ProjectCSS_HoMeRealEstate/asset/image/trainer-svgrepo-com.svg]
[antstudents.com/WebScholarshipS2/Group-15/ProjectCSS_HoMeRealEstate/asset/image/security-svgrepo-com.svg]
[antstudents.com/WebScholarshipS2/Group-15/ProjectCSS_HoMeRealEstate/asset/image/detail-2.jpg]
[antstudents.com/WebScholarshipS2/Group-15/ProjectCSS_HoMeRealEstate/detail-sell-page.html]
[antstudents.com/WebScholarshipS2/Group-15/ProjectCSS_HoMeRealEstate/booking.html]
[cdnjs.cloudflare.com/ajax/libs/lightgallery/2.7.2/lightgallery.min.js]
[cdnjs.cloudflare.com/ajax/libs/lightgallery/2.7.2/plugins/zoom/lg-zoom.min.js]
[cdnjs.cloudflare.com/ajax/libs/lightgallery/2.7.2/plugins/share/lg-share.min.js]
[cdnjs.cloudflare.com/ajax/libs/lightgallery/2.7.2/plugins/fullscreen/lg-fullscreen.min.js]
[antstudents.com/WebScholarshipS2/Group-15/ProjectCSS_HoMeRealEstate/detail-rent-page.html]
[antstudents.com/WebScholarshipS2/Group-15/ProjectCSS_HoMeRealEstate/blog-single.html]
[antstudents.com/WebScholarshipS2/Group-15/ProjectCSS_HoMeRealEstate/asset/image/menglong.png]
[antstudents.com/WebScholarshipS2/Group-15/ProjectCSS_HoMeRealEstate/asset/css/plyr.css]
[antstudents.com/WebScholarshipS2/Group-15/ProjectCSS_HoMeRealEstate/asset/css/lightgallery-bundle.min.css]
[antstudents.com/WebScholarshipS2/Group-15/ProjectCSS_HoMeRealEstate/asset/image/h-6.html]
[antstudents.com/WebScholarshipS2/Group-15/ProjectCSS_HoMeRealEstate/asset/image/star-solid.svg]
[antstudents.com/WebScholarshipS2/Group-15/ProjectCSS_HoMeRealEstate/asset/image/star-regular.svg]
[antstudents.com/WebScholarshipS2/Group-15/ProjectCSS_HoMeRealEstate/asset/image/clock-01-stroke-rounded.svg]
[antstudents.com/WebScholarshipS2/Group-15/ProjectCSS_HoMeRealEstate/asset/image/OQPWCW1.jpg]
[antstudents.com/WebScholarshipS2/Group-15/ProjectCSS_HoMeRealEstate/asset/image/add-square-svgrepo-com.svg]
[antstudents.com/WebScholarshipS2/Group-15/ProjectCSS_HoMeRealEstate/package.html]
[antstudents.com/WebScholarshipS2/Group-15/ProjectCSS_HoMeRealEstate/asset/image/Curious-amico.svg]
[antstudents.com/WebScholarshipS2/Group-15/ProjectCSS_HoMeRealEstate/asset/image/building-home3.png]
[antstudents.com/WebScholarshipS2/Group-15/ProjectCSS_HoMeRealEstate/onbuilding.html]
[antstudents.com/WebScholarshipS2/Group-15/ProjectCSS_HoMeRealEstate/asset/image/help-buy.png]
[antstudents.com/WebScholarshipS2/Group-15/ProjectCSS_HoMeRealEstate/asset/image/help-buy3.png]
[antstudents.com/WebScholarshipS2/Group-15/ProjectCSS_HoMeRealEstate/asset/image/help-buy2.png]
[antstudents.com/WebScholarshipS2/Group-15/ProjectCSS_HoMeRealEstate/help-detail.html]
[antstudents.com/WebScholarshipS2/Group-15/ProjectCSS_HoMeRealEstate/asset/js/jquery-3.6.0.min.html]
[cdn.jsdelivr.net/npm/quill@2.0.2/dist/quill.snow.css]
[antstudents.com/WebScholarshipS2/Group-15/ProjectCSS_HoMeRealEstate/rush-rent-detail.html]
[antstudents.com/WebScholarshipS2/Group-15/ProjectCSS_HoMeRealEstate/asset/image/home2 (2).png]
[antstudents.com/WebScholarshipS2/Group-15/ProjectCSS_HoMeRealEstate/asset/image/agent-profile.jpg]
[antstudents.com/WebScholarshipS2/Group-15/ProjectCSS_HoMeRealEstate/asset/image/Flag-Cambodia.webp]
[antstudents.com/WebScholarshipS2/Group-15/ProjectCSS_HoMeRealEstate/asset/image/Flag_of_the_United_States_(DoS_ECA_Color_Standard).svg.png]
[antstudents.com/WebScholarshipS2/Group-15/ProjectCSS_HoMeRealEstate/profile-agent.html]
[antstudents.com/WebScholarshipS2/Group-15/ProjectCSS_HoMeRealEstate/asset/image/user-account-stroke-rounded.svg]
[antstudents.com/WebScholarshipS2/Group-15/ProjectCSS_HoMeRealEstate/asset/image/home-03-stroke-rounded.svg]
[antstudents.com/WebScholarshipS2/Group-15/ProjectCSS_HoMeRealEstate/asset/image/language-circle-stroke-rounded.svg]
[antstudents.com/WebScholarshipS2/Group-15/ProjectCSS_HoMeRealEstate/asset/image/location-09-stroke-rounded.svg]
[antstudents.com/WebScholarshipS2/Group-15/ProjectCSS_HoMeRealEstate/asset/image/telephone-stroke-rounded.svg]
[antstudents.com/WebScholarshipS2/Group-15/ProjectCSS_HoMeRealEstate/asset/image/collaboration-team-svgrepo-com.svg]
[antstudents.com/WebScholarshipS2/Group-15/ProjectCSS_HoMeRealEstate/asset/image/protection-secure-security-shield-svgrepo-com.svg]
[antstudents.com/WebScholarshipS2/Group-15/ProjectCSS_HoMeRealEstate/asset/image/file-svgrepo-com.svg]
[antstudents.com/WebScholarshipS2/Group-15/ProjectCSS_HoMeRealEstate/asset/image/search-seo-word-svgrepo-com.svg]
[antstudents.com/WebScholarshipS2/Group-15/ProjectCSS_HoMeRealEstate/asset/image/search-b.svg]
[antstudents.com/WebScholarshipS2/Group-15/ProjectCSS_HoMeRealEstate/asset/image/detail-6.png]
[antstudents.com/WebScholarshipS2/Group-15/ProjectCSS_HoMeRealEstate/asset/image/detail-9.png]
[antstudents.com/WebScholarshipS2/Group-15/ProjectCSS_HoMeRealEstate/rush-detail.html]
[cdn.jsdelivr.net/npm/swiper@11/swiper-bundle.min.css]
[antstudents.com/WebScholarshipS2/Group-15/ProjectCSS_HoMeRealEstate/asset/image/promotion5.html]
[antstudents.com/WebScholarshipS2/Group-15/ProjectCSS_HoMeRealEstate/asset/image/visa.png]
[antstudents.com/WebScholarshipS2/Group-15/ProjectCSS_HoMeRealEstate/asset/image/master.png]
[antstudents.com/WebScholarshipS2/Group-15/ProjectCSS_HoMeRealEstate/asset/image/UnionPay_logo.svg.png]
[antstudents.com/WebScholarshipS2/Group-15/ProjectCSS_HoMeRealEstate/asset/image/KHQR.png]
[antstudents.com/WebScholarshipS2/Group-15/ProjectCSS_HoMeRealEstate/asset/image/aba_mobile_1722865878915.png]
[antstudents.com/WebScholarshipS2/Group-15/ProjectCSS_HoMeRealEstate/payment.html]
[antstudents.com/WebScholarshipS2/Group-15/ProjectCSS_HoMeRealEstate/asset/image/contact.html]
[antstudents.com/WebScholarshipS2/Group-15/ProjectCSS_HoMeRealEstate/asset/image/contact-mail.gif]
[antstudents.com/WebScholarshipS2/Group-15/ProjectCSS_HoMeRealEstate/asset/image/contact-phone.gif]
[antstudents.com/WebScholarshipS2/Group-15/ProjectCSS_HoMeRealEstate/asset/image/contactus-2.gif]
[antstudents.com/WebScholarshipS2/Group-15/ProjectCSS_HoMeRealEstate/asset/css/aos.html]
[antstudents.com/WebScholarshipS2/Group-15/ProjectCSS_HoMeRealEstate/asset/image/figma-design.gif]
[antstudents.com/WebScholarshipS2/Group-15/ProjectCSS_HoMeRealEstate/asset/image/html.svg]
[antstudents.com/WebScholarshipS2/Group-15/ProjectCSS_HoMeRealEstate/asset/image/css3.svg]
[antstudents.com/WebScholarshipS2/Group-15/ProjectCSS_HoMeRealEstate/asset/image/bootstrap.svg]
[antstudents.com/WebScholarshipS2/Group-15/ProjectCSS_HoMeRealEstate/asset/image/javascript.svg]
[antstudents.com/WebScholarshipS2/Group-15/ProjectCSS_HoMeRealEstate/asset/image/bootstrap-1.svg]
[antstudents.com/WebScholarshipS2/Group-15/ProjectCSS_HoMeRealEstate/asset/image/javascript-1.svg]
[antstudents.com/WebScholarshipS2/Group-15/ProjectCSS_HoMeRealEstate/asset/image/dollar.svg]
[antstudents.com/WebScholarshipS2/Group-15/ProjectCSS_HoMeRealEstate/asset/image/file-user.svg]
[antstudents.com/WebScholarshipS2/Group-15/ProjectCSS_HoMeRealEstate/asset/image/contract-file.svg]
[antstudents.com/WebScholarshipS2/Group-15/ProjectCSS_HoMeRealEstate/asset/image/invoice-pay.svg]
[antstudents.com/WebScholarshipS2/Group-15/ProjectCSS_HoMeRealEstate/asset/image/security.svg]
[antstudents.com/WebScholarshipS2/Group-15/ProjectCSS_HoMeRealEstate/asset/image/privacy-1.svg]
[antstudents.com/WebScholarshipS2/Group-15/ProjectCSS_HoMeRealEstate/asset/image/user-profile-filled-svgrepo-com.svg]
[antstudents.com/WebScholarshipS2/Group-15/ProjectCSS_HoMeRealEstate/asset/image/telephone-green.svg]
[antstudents.com/WebScholarshipS2/Group-15/ProjectCSS_HoMeRealEstate/asset/image/email-svgrepo-com (1).svg]
[antstudents.com/WebScholarshipS2/Group-15/ProjectCSS_HoMeRealEstate/asset/css/swiper-bundle.min.css]
[antstudents.com/WebScholarshipS2/Group-15/ProjectCSS_HoMeRealEstate/asset/image/booking.jpg]
[swiperjs.com/demos/images/nature-8.jpg]
[swiperjs.com/demos/images/nature-9.jpg]
[swiperjs.com/demos/images/nature-10.jpg]
[antstudents.com/WebScholarshipS2/Group-15/ProjectCSS_HoMeRealEstate/booking.html]
[antstudents.com/WebScholarshipS2/Group-15/ProjectCSS_HoMeRealEstate/asset/fonts/lgb687.html]
[antstudents.com/WebScholarshipS2/Group-15/ProjectCSS_HoMeRealEstate/asset/fonts/lgb687-2.html]
[antstudents.com/WebScholarshipS2/Group-15/ProjectCSS_HoMeRealEstate/asset/fonts/lgb687-3.html]
[antstudents.com/WebScholarshipS2/Group-15/ProjectCSS_HoMeRealEstate/asset/fonts/lgb687-4.html]
[antstudents.com/WebScholarshipS2/Group-15/ProjectCSS_HoMeRealEstate/asset/images/loading.html]
[antstudents.com/WebScholarshipS2/Group-15/ProjectCSS_HoMeRealEstate/asset/image/building-home3.png]
[antstudents.com/WebScholarshipS2/Group-15/ProjectCSS_HoMeRealEstate/asset/css/swiper-bundle.min.css]
[antstudents.com/WebScholarshipS2/Group-15/ProjectCSS_HoMeRealEstate/asset/image/new-house.html]
